==========================================
SLURM_JOB_ID = 910652
SLURM_NODELIST = gpu54
==========================================
Job ID: 910652
Node: gpu54
Start Time: 2026-09-18T07:56:18+09:00
Submit Dir: /scratch/r984a02/phdq3
Partition: amd_h200nv_8
CUDA_VISIBLE_DEVICES: 0,1,2,3
CPUs per task: 32
{
  "schema_version": 1,
  "created_at": "2026-09-17T22:56:20.000616+00:00",
  "hostname": "gpu54",
  "platform": "Linux-5.14.0-427.13.1.el9_4.x86_64-x86_64-with-glibc2.34",
  "python": "3.11.16",
  "python_executable": "/home01/r984a02/.conda/envs/phdq_blt_hf/bin/python",
  "scope": "gpu_runtime",
  "torch": "2.11.0+cu128",
  "transformers": "5.16.1",
  "xformers": null,
  "safetensors": "0.8.0",
  "huggingface_hub": "1.31.0",
  "devices": [
    {
      "index": 0,
      "name": "NVIDIA H200",
      "capability": [
        9,
        0
      ],
      "total_memory": 150110011392,
      "bf16_supported": true,
      "bf16_smoke": true
    },
    {
      "index": 1,
      "name": "NVIDIA H200",
      "capability": [
        9,
        0
      ],
      "total_memory": 150110011392,
      "bf16_supported": true,
      "bf16_smoke": true
    },
    {
      "index": 2,
      "name": "NVIDIA H200",
      "capability": [
        9,
        0
      ],
      "total_memory": 150110011392,
      "bf16_supported": true,
      "bf16_smoke": true
    },
    {
      "index": 3,
      "name": "NVIDIA H200",
      "capability": [
        9,
        0
      ],
      "total_memory": 150110011392,
      "bf16_supported": true,
      "bf16_smoke": true
    }
  ],
  "errors": [],
  "nvidia_smi": [
    "NVIDIA H200, 580.105.08, 143771 MiB",
    "NVIDIA H200, 580.105.08, 143771 MiB",
    "NVIDIA H200, 580.105.08, 143771 MiB",
    "NVIDIA H200, 580.105.08, 143771 MiB"
  ],
  "cuda_runtime": "12.8",
  "blt_import": true,
  "cuda_available": true,
  "cuda_smoke": true,
  "loaded_libcudart": [
    "/scratch/r984a02/.conda/envs/phdq_blt_hf/lib/python3.11/site-packages/nvidia/cuda_runtime/lib/libcudart.so.12"
  ],
  "status": "pass"
}
{
  "schema_version": 1,
  "created_at": "2026-09-17T22:58:30.942421+00:00",
  "check": "raw_utf8_lengths_and_m2_source_alignment",
  "model_executed": false,
  "tokenizer_executed": false,
  "status": "pass",
  "max_allowed": 2048,
  "splits": {
    "native/train": {
      "rows": 12292,
      "blank_lines": 0,
      "tsv_sha256": "a1080e12f528212f25858b1c0093f497d9ffa62f5717848088c4010bad2ea871",
      "max_sequence_bytes": 398,
      "max_prompt_bytes": 207,
      "max_target_bytes": 190,
      "over_1024": 0,
      "over_limit": 0
    },
    "native/val": {
      "rows": 2634,
      "blank_lines": 0,
      "tsv_sha256": "002645a47593a88735fe7b13fdc7c9fe2e4c1a92191f90ec7fb95449758ecd98",
      "max_sequence_bytes": 401,
      "max_prompt_bytes": 209,
      "max_target_bytes": 191,
      "over_1024": 0,
      "over_limit": 0,
      "evaluation_identity": {
        "dataset": "native",
        "split": "val",
        "sample_count": 2634,
        "source_hash": "e63fe872699d99b0ccec7dc04e98fb9bfde1f6b6c7119d90a9070daec279a4c3",
        "target_hash": "4c13345e12a1b4cd8097edd3b3cbb05fb0e71cef3d3e9f21c237ef9536461feb",
        "m2_hash": "17558a819658a14031ed8d36032b2f33f2f0094f50da695e818c488037fabb8a",
        "tsv_hash": "002645a47593a88735fe7b13fdc7c9fe2e4c1a92191f90ec7fb95449758ecd98",
        "reader": "utf8-universal-newlines-two-columns-blank-lines-skipped-v1"
      }
    },
    "native/test": {
      "rows": 2634,
      "blank_lines": 0,
      "tsv_sha256": "6c2d6e1551fdd12dd51b764b0daa3de57befedca47c21ed07fb5538d7c33ccc8",
      "max_sequence_bytes": 399,
      "max_prompt_bytes": 208,
      "max_target_bytes": 190,
      "over_1024": 0,
      "over_limit": 0,
      "evaluation_identity": {
        "dataset": "native",
        "split": "test",
        "sample_count": 2634,
        "source_hash": "37ec4cb176690066bd411d4dee23001ee77a3cf7825f28b2555390db349ba1c7",
        "target_hash": "c1b96b70deb626920be67f05d1b371bd16b38ccc9abd941a3f98bd11776d3563",
        "m2_hash": "a4579825f6fc5e9ee7fbb1ae722cf260518b9305a07f5191ba423bc0f8b0a04c",
        "tsv_hash": "6c2d6e1551fdd12dd51b764b0daa3de57befedca47c21ed07fb5538d7c33ccc8",
        "reader": "utf8-universal-newlines-two-columns-blank-lines-skipped-v1"
      }
    },
    "korean_learner/train": {
      "rows": 19898,
      "blank_lines": 0,
      "tsv_sha256": "163ab6419d259f477b5ab3c913dca6068dd1beaace2f4858d5416ac41bbe1888",
      "max_sequence_bytes": 1380,
      "max_prompt_bytes": 694,
      "max_target_bytes": 685,
      "over_1024": 4,
      "over_limit": 0
    },
    "korean_learner/val": {
      "rows": 4264,
      "blank_lines": 0,
      "tsv_sha256": "c5b62d189af42807a6dd0679f2a43b5d07dfaae282aeef812724f90a19fc1e1b",
      "max_sequence_bytes": 845,
      "max_prompt_bytes": 430,
      "max_target_bytes": 414,
      "over_1024": 0,
      "over_limit": 0,
      "evaluation_identity": {
        "dataset": "korean_learner",
        "split": "val",
        "sample_count": 4264,
        "source_hash": "46384ab2684f369e36aa0fc787b0447796d3760ff7ebfcca2d8e973e93222a08",
        "target_hash": "25cbe312b4d391f7a32b75100f6c8c2daa0eb6cd9de241775062eef69b17ea14",
        "m2_hash": "26aa7b334b71ae3d6e0b06acd45cc81cc219d75ad1ff2b573f496b30284b839c",
        "tsv_hash": "c5b62d189af42807a6dd0679f2a43b5d07dfaae282aeef812724f90a19fc1e1b",
        "reader": "utf8-universal-newlines-two-columns-blank-lines-skipped-v1"
      }
    },
    "korean_learner/test": {
      "rows": 4265,
      "blank_lines": 0,
      "tsv_sha256": "cb49c2806cedd8b71d1b5dbbc31ef5c74f0aca3a6ab6dc92a94c9e5ffe52044d",
      "max_sequence_bytes": 633,
      "max_prompt_bytes": 324,
      "max_target_bytes": 320,
      "over_1024": 0,
      "over_limit": 0,
      "evaluation_identity": {
        "dataset": "korean_learner",
        "split": "test",
        "sample_count": 4265,
        "source_hash": "4438468750166634cce0e4b03e72f7b82f45e352e7de230e9492c5a9cc4bb1c5",
        "target_hash": "93878d24629be44430507a067a2ab645e2bf4fc65dc0cd0ba1177c2ff9640933",
        "m2_hash": "4be33bbc4adf618da33074b9a97525c4d24c08162b9df44db60e69424f51ec01",
        "tsv_hash": "cb49c2806cedd8b71d1b5dbbc31ef5c74f0aca3a6ab6dc92a94c9e5ffe52044d",
        "reader": "utf8-universal-newlines-two-columns-blank-lines-skipped-v1"
      }
    },
    "union/train": {
      "rows": 108882,
      "blank_lines": 1,
      "tsv_sha256": "90a55cac5d37cd3557f6f958b973b6f6a037872c87edade462ac05324843a54a",
      "max_sequence_bytes": 1380,
      "max_prompt_bytes": 694,
      "max_target_bytes": 685,
      "over_1024": 5,
      "over_limit": 0
    },
    "union/val": {
      "rows": 23332,
      "blank_lines": 1,
      "tsv_sha256": "22b90eee85aa2edd5557cd3009893dd1b1dcff22584b7f96e713878fcbeb5f8b",
      "max_sequence_bytes": 931,
      "max_prompt_bytes": 470,
      "max_target_bytes": 460,
      "over_1024": 0,
      "over_limit": 0,
      "evaluation_identity": {
        "dataset": "union",
        "split": "val",
        "sample_count": 23332,
        "source_hash": "a0063540f10386703cf635a5c77922af237d45357202cc5da5420f2c4ebb5a7b",
        "target_hash": "864380fdab4b860b906a6836f9bb6a61230c40f071332fc1abcae2c4fb990d45",
        "m2_hash": "22e1cdeed3702fe905b429c872f188b19b70c52e949c3eed1a8b4df5a90def20",
        "tsv_hash": "22b90eee85aa2edd5557cd3009893dd1b1dcff22584b7f96e713878fcbeb5f8b",
        "reader": "utf8-universal-newlines-two-columns-blank-lines-skipped-v1"
      }
    },
    "union/test": {
      "rows": 23333,
      "blank_lines": 1,
      "tsv_sha256": "65b1bd0039ae58c136ee44ebbb6876ee69a5353bb8c00046ec235e7e79592f28",
      "max_sequence_bytes": 886,
      "max_prompt_bytes": 451,
      "max_target_bytes": 434,
      "over_1024": 0,
      "over_limit": 0,
      "evaluation_identity": {
        "dataset": "union",
        "split": "test",
        "sample_count": 23333,
        "source_hash": "eb476f3f20ea1abdd1fbb42e0ca006672a744e353bcd836d470569d7ea9e2ea7",
        "target_hash": "fb2c7f1b332c75a69a4677a09a3f48134469cf40d9cf7f7cb4906696dbd0a176",
        "m2_hash": "e79ae3c01c211bb58c2a0213f6b9e39bed8d9e4eb2011d7e7ae22a33c1042db7",
        "tsv_hash": "65b1bd0039ae58c136ee44ebbb6876ee69a5353bb8c00046ec235e7e79592f28",
        "reader": "utf8-universal-newlines-two-columns-blank-lines-skipped-v1"
      }
    }
  },
  "total": {
    "rows": 201534,
    "max_sequence_bytes": 1380,
    "max_prompt_bytes": 694,
    "max_target_bytes": 685,
    "over_1024": 9,
    "over_limit": 0
  }
}
{"step": 1, "epoch": 0, "loss": 0.3709653200894204, "lr": 5e-09, "grad_norm": 4.53125, "peak_allocated": 36565427200}
{"step": 2, "epoch": 0, "loss": 0.45047842693169177, "lr": 1e-08, "grad_norm": 6.34375, "peak_allocated": 48855118848}
{"step": 3, "epoch": 0, "loss": 0.43556116223472224, "lr": 1.5000000000000002e-08, "grad_norm": 5.375, "peak_allocated": 48855237632}
{"step": 4, "epoch": 0, "loss": 0.3824686651042918, "lr": 2e-08, "grad_norm": 4.4375, "peak_allocated": 48855507968}
{"step": 5, "epoch": 0, "loss": 0.3779985094469759, "lr": 2.5000000000000002e-08, "grad_norm": 4.5625, "peak_allocated": 48855507968}
{"step": 6, "epoch": 0, "loss": 0.4248708515989709, "lr": 3.0000000000000004e-08, "grad_norm": 5.53125, "peak_allocated": 48855507968}
{"step": 7, "epoch": 0, "loss": 0.3879203644129965, "lr": 3.5e-08, "grad_norm": 5.03125, "peak_allocated": 48855507968}
{"step": 8, "epoch": 0, "loss": 0.3303981066834177, "lr": 4e-08, "grad_norm": 4.25, "peak_allocated": 48855507968}
{"step": 9, "epoch": 0, "loss": 0.3628419619148005, "lr": 4.5e-08, "grad_norm": 4.15625, "peak_allocated": 48855507968}
{"step": 10, "epoch": 0, "loss": 0.333923984330882, "lr": 5.0000000000000004e-08, "grad_norm": 3.890625, "peak_allocated": 48855507968}
{"step": 11, "epoch": 0, "loss": 0.42692696836771565, "lr": 5.5e-08, "grad_norm": 5.4375, "peak_allocated": 48855507968}
{"step": 12, "epoch": 0, "loss": 0.324820172840587, "lr": 6.000000000000001e-08, "grad_norm": 4.4375, "peak_allocated": 48855622656}
{"step": 13, "epoch": 0, "loss": 0.3220159926708608, "lr": 6.5e-08, "grad_norm": 3.640625, "peak_allocated": 48855622656}
{"step": 14, "epoch": 0, "loss": 0.3943956142938729, "lr": 7e-08, "grad_norm": 5.03125, "peak_allocated": 48855622656}
{"step": 15, "epoch": 0, "loss": 0.40397330182334384, "lr": 7.500000000000001e-08, "grad_norm": 5.21875, "peak_allocated": 48855622656}
{"step": 16, "epoch": 0, "loss": 0.3614837341522695, "lr": 8e-08, "grad_norm": 4.875, "peak_allocated": 48855622656}
{"step": 17, "epoch": 0, "loss": 0.4082113426430355, "lr": 8.500000000000001e-08, "grad_norm": 5.15625, "peak_allocated": 48856726528}
{"step": 18, "epoch": 0, "loss": 0.3468140332743263, "lr": 9e-08, "grad_norm": 4.6875, "peak_allocated": 48856726528}
{"step": 19, "epoch": 0, "loss": 0.3588713110830539, "lr": 9.5e-08, "grad_norm": 4.71875, "peak_allocated": 48856726528}
{"step": 20, "epoch": 0, "loss": 0.4081446702503095, "lr": 1.0000000000000001e-07, "grad_norm": 4.65625, "peak_allocated": 48856726528}
{"step": 21, "epoch": 0, "loss": 0.37216144517577926, "lr": 1.0500000000000001e-07, "grad_norm": 5.0625, "peak_allocated": 48856726528}
{"step": 22, "epoch": 0, "loss": 0.33698443916960935, "lr": 1.1e-07, "grad_norm": 4.0625, "peak_allocated": 48856726528}
{"step": 23, "epoch": 0, "loss": 0.38483403466932026, "lr": 1.1500000000000001e-07, "grad_norm": 4.8125, "peak_allocated": 48856726528}
{"step": 24, "epoch": 0, "loss": 0.364725610576327, "lr": 1.2000000000000002e-07, "grad_norm": 5.0625, "peak_allocated": 48856726528}
{"step": 25, "epoch": 0, "loss": 0.3670078759158751, "lr": 1.2500000000000002e-07, "grad_norm": 4.875, "peak_allocated": 48856726528}
{"step": 26, "epoch": 0, "loss": 0.34407185723030376, "lr": 1.3e-07, "grad_norm": 4.21875, "peak_allocated": 48856726528}
{"step": 27, "epoch": 0, "loss": 0.40542999651443445, "lr": 1.35e-07, "grad_norm": 5.0625, "peak_allocated": 48856726528}
{"step": 28, "epoch": 0, "loss": 0.40485600902275604, "lr": 1.4e-07, "grad_norm": 5.09375, "peak_allocated": 48856726528}
{"step": 29, "epoch": 0, "loss": 0.3166620811961946, "lr": 1.4500000000000001e-07, "grad_norm": 4.0625, "peak_allocated": 48856726528}
{"step": 30, "epoch": 0, "loss": 0.38105828994319, "lr": 1.5000000000000002e-07, "grad_norm": 4.5625, "peak_allocated": 48856726528}
{"step": 31, "epoch": 0, "loss": 0.4153491772142026, "lr": 1.5500000000000002e-07, "grad_norm": 4.625, "peak_allocated": 48856726528}
{"step": 32, "epoch": 0, "loss": 0.38810131456458324, "lr": 1.6e-07, "grad_norm": 4.28125, "peak_allocated": 48856726528}
{"step": 33, "epoch": 0, "loss": 0.43871115221679924, "lr": 1.65e-07, "grad_norm": 5.6875, "peak_allocated": 48856726528}
{"step": 34, "epoch": 0, "loss": 0.3992951547860998, "lr": 1.7000000000000001e-07, "grad_norm": 4.375, "peak_allocated": 48856726528}
{"step": 35, "epoch": 0, "loss": 0.3832893176165648, "lr": 1.7500000000000002e-07, "grad_norm": 4.90625, "peak_allocated": 48856726528}
{"step": 36, "epoch": 0, "loss": 0.4039602443628226, "lr": 1.8e-07, "grad_norm": 4.5, "peak_allocated": 48856726528}
{"step": 37, "epoch": 0, "loss": 0.3672688342537027, "lr": 1.85e-07, "grad_norm": 4.5, "peak_allocated": 48856726528}
{"step": 38, "epoch": 0, "loss": 0.3774456817847597, "lr": 1.9e-07, "grad_norm": 4.53125, "peak_allocated": 48856726528}
{"step": 39, "epoch": 0, "loss": 0.41597076982245634, "lr": 1.95e-07, "grad_norm": 5.25, "peak_allocated": 48856726528}
{"step": 40, "epoch": 0, "loss": 0.40984451123857346, "lr": 2.0000000000000002e-07, "grad_norm": 5.21875, "peak_allocated": 48856726528}
{"step": 41, "epoch": 0, "loss": 0.4194042570059478, "lr": 2.0500000000000002e-07, "grad_norm": 5.625, "peak_allocated": 48856726528}
{"step": 42, "epoch": 0, "loss": 0.4003728465361742, "lr": 2.1000000000000003e-07, "grad_norm": 4.4375, "peak_allocated": 48856726528}
{"step": 43, "epoch": 0, "loss": 0.35029375900483484, "lr": 2.15e-07, "grad_norm": 4.21875, "peak_allocated": 48856726528}
{"step": 44, "epoch": 0, "loss": 0.37174208044846285, "lr": 2.2e-07, "grad_norm": 4.9375, "peak_allocated": 48856726528}
{"step": 45, "epoch": 0, "loss": 0.37030467553741286, "lr": 2.2500000000000002e-07, "grad_norm": 4.1875, "peak_allocated": 48856726528}
{"step": 46, "epoch": 0, "loss": 0.33774094544090594, "lr": 2.3000000000000002e-07, "grad_norm": 4.34375, "peak_allocated": 48856726528}
{"step": 47, "epoch": 0, "loss": 0.39318830131654675, "lr": 2.3500000000000003e-07, "grad_norm": 5.15625, "peak_allocated": 48856726528}
{"step": 48, "epoch": 0, "loss": 0.35124675809054773, "lr": 2.4000000000000003e-07, "grad_norm": 4.125, "peak_allocated": 48856726528}
{"step": 49, "epoch": 0, "loss": 0.3586775483295921, "lr": 2.4500000000000004e-07, "grad_norm": 3.984375, "peak_allocated": 48856726528}
{"step": 50, "epoch": 0, "loss": 0.356970570196745, "lr": 2.5000000000000004e-07, "grad_norm": 4.59375, "peak_allocated": 48856726528}
{"step": 51, "epoch": 0, "loss": 0.4071775993149362, "lr": 2.55e-07, "grad_norm": 5.84375, "peak_allocated": 48856726528}
{"step": 52, "epoch": 0, "loss": 0.38922702333301384, "lr": 2.6e-07, "grad_norm": 5.03125, "peak_allocated": 48856726528}
{"step": 53, "epoch": 0, "loss": 0.40220872802898217, "lr": 2.65e-07, "grad_norm": 5.4375, "peak_allocated": 48856726528}
{"step": 54, "epoch": 0, "loss": 0.35779679880482546, "lr": 2.7e-07, "grad_norm": 4.34375, "peak_allocated": 48856726528}
{"step": 55, "epoch": 0, "loss": 0.3753743148113707, "lr": 2.75e-07, "grad_norm": 4.84375, "peak_allocated": 48856726528}
{"step": 56, "epoch": 0, "loss": 0.33789364980923714, "lr": 2.8e-07, "grad_norm": 4.34375, "peak_allocated": 48856726528}
{"step": 57, "epoch": 0, "loss": 0.4152601203348469, "lr": 2.85e-07, "grad_norm": 5.09375, "peak_allocated": 48856726528}
{"step": 58, "epoch": 0, "loss": 0.3813973125041896, "lr": 2.9000000000000003e-07, "grad_norm": 3.953125, "peak_allocated": 48856726528}
{"step": 59, "epoch": 0, "loss": 0.4132300618337017, "lr": 2.9500000000000003e-07, "grad_norm": 5.53125, "peak_allocated": 48856726528}
{"step": 60, "epoch": 0, "loss": 0.44685101116488796, "lr": 3.0000000000000004e-07, "grad_norm": 5.75, "peak_allocated": 48856726528}
{"step": 61, "epoch": 0, "loss": 0.37339360375965025, "lr": 3.0500000000000004e-07, "grad_norm": 5.09375, "peak_allocated": 48856726528}
{"step": 62, "epoch": 0, "loss": 0.34271322960906775, "lr": 3.1000000000000005e-07, "grad_norm": 4.40625, "peak_allocated": 48856726528}
{"step": 63, "epoch": 0, "loss": 0.4103980140824468, "lr": 3.15e-07, "grad_norm": 4.75, "peak_allocated": 48856726528}
{"step": 64, "epoch": 0, "loss": 0.41875952380953485, "lr": 3.2e-07, "grad_norm": 5.5, "peak_allocated": 48856726528}
{"step": 65, "epoch": 0, "loss": 0.3921931158374686, "lr": 3.25e-07, "grad_norm": 5.0625, "peak_allocated": 48856726528}
{"step": 66, "epoch": 0, "loss": 0.3701388919570275, "lr": 3.3e-07, "grad_norm": 4.625, "peak_allocated": 48856726528}
{"step": 67, "epoch": 0, "loss": 0.43113663356192866, "lr": 3.35e-07, "grad_norm": 5.875, "peak_allocated": 48856726528}
{"step": 68, "epoch": 0, "loss": 0.375828702267058, "lr": 3.4000000000000003e-07, "grad_norm": 4.84375, "peak_allocated": 48856726528}
{"step": 69, "epoch": 0, "loss": 0.32316954554121374, "lr": 3.4500000000000003e-07, "grad_norm": 3.828125, "peak_allocated": 48856726528}
{"step": 70, "epoch": 0, "loss": 0.325417478728077, "lr": 3.5000000000000004e-07, "grad_norm": 3.8125, "peak_allocated": 48856726528}
{"step": 71, "epoch": 0, "loss": 0.38140978315926116, "lr": 3.55e-07, "grad_norm": 5.1875, "peak_allocated": 48856726528}
{"step": 72, "epoch": 0, "loss": 0.3973980779120745, "lr": 3.6e-07, "grad_norm": 4.5625, "peak_allocated": 48856726528}
{"step": 73, "epoch": 0, "loss": 0.3970739346368488, "lr": 3.65e-07, "grad_norm": 4.96875, "peak_allocated": 48856726528}
{"step": 74, "epoch": 0, "loss": 0.41218545348732155, "lr": 3.7e-07, "grad_norm": 4.46875, "peak_allocated": 48856726528}
{"step": 75, "epoch": 0, "loss": 0.438122516612678, "lr": 3.75e-07, "grad_norm": 6.0, "peak_allocated": 48856726528}
{"step": 76, "epoch": 0, "loss": 0.38899318810536077, "lr": 3.8e-07, "grad_norm": 4.34375, "peak_allocated": 48856726528}
{"step": 77, "epoch": 0, "loss": 0.35222681460587624, "lr": 3.85e-07, "grad_norm": 4.4375, "peak_allocated": 48856726528}
{"step": 78, "epoch": 0, "loss": 0.351004587313865, "lr": 3.9e-07, "grad_norm": 4.5, "peak_allocated": 48856726528}
{"step": 79, "epoch": 0, "loss": 0.36672565524936146, "lr": 3.9500000000000003e-07, "grad_norm": 4.78125, "peak_allocated": 48856726528}
{"step": 80, "epoch": 0, "loss": 0.4138381221358759, "lr": 4.0000000000000003e-07, "grad_norm": 4.90625, "peak_allocated": 48856726528}
{"step": 81, "epoch": 0, "loss": 0.31680911230201, "lr": 4.0500000000000004e-07, "grad_norm": 4.3125, "peak_allocated": 48856726528}
{"step": 82, "epoch": 0, "loss": 0.40858323922266093, "lr": 4.1000000000000004e-07, "grad_norm": 4.96875, "peak_allocated": 48856726528}
{"step": 83, "epoch": 0, "loss": 0.38625202139571696, "lr": 4.1500000000000005e-07, "grad_norm": 4.375, "peak_allocated": 48856726528}
{"step": 84, "epoch": 0, "loss": 0.3726224815724251, "lr": 4.2000000000000006e-07, "grad_norm": 4.6875, "peak_allocated": 48856726528}
{"step": 85, "epoch": 0, "loss": 0.42339479121251966, "lr": 4.2500000000000006e-07, "grad_norm": 5.71875, "peak_allocated": 48856726528}
{"step": 86, "epoch": 0, "loss": 0.3838596997507514, "lr": 4.3e-07, "grad_norm": 4.59375, "peak_allocated": 48856726528}
{"step": 87, "epoch": 0, "loss": 0.38498490623522214, "lr": 4.35e-07, "grad_norm": 4.5625, "peak_allocated": 48856726528}
{"step": 88, "epoch": 0, "loss": 0.34713060895900305, "lr": 4.4e-07, "grad_norm": 4.84375, "peak_allocated": 48856726528}
{"step": 89, "epoch": 0, "loss": 0.39315738797077526, "lr": 4.4500000000000003e-07, "grad_norm": 5.53125, "peak_allocated": 48856726528}
{"step": 90, "epoch": 0, "loss": 0.4062582212455064, "lr": 4.5000000000000003e-07, "grad_norm": 4.84375, "peak_allocated": 48856726528}
{"step": 91, "epoch": 0, "loss": 0.4245977087410129, "lr": 4.5500000000000004e-07, "grad_norm": 4.9375, "peak_allocated": 48856726528}
{"step": 92, "epoch": 0, "loss": 0.35941878228909724, "lr": 4.6000000000000004e-07, "grad_norm": 4.0625, "peak_allocated": 48856726528}
{"step": 93, "epoch": 0, "loss": 0.42834206015914067, "lr": 4.6500000000000005e-07, "grad_norm": 5.8125, "peak_allocated": 48856726528}
{"step": 94, "epoch": 0, "loss": 0.34818040045897813, "lr": 4.7000000000000005e-07, "grad_norm": 4.5, "peak_allocated": 48856726528}
{"step": 95, "epoch": 0, "loss": 0.3806038683020993, "lr": 4.7500000000000006e-07, "grad_norm": 4.46875, "peak_allocated": 48856726528}
{"step": 96, "epoch": 0, "loss": 0.35309086166586273, "lr": 4.800000000000001e-07, "grad_norm": 4.21875, "peak_allocated": 48856726528}
{"step": 97, "epoch": 0, "loss": 0.3963233978918762, "lr": 4.85e-07, "grad_norm": 4.71875, "peak_allocated": 48856726528}
{"step": 98, "epoch": 0, "loss": 0.3694278414593907, "lr": 4.900000000000001e-07, "grad_norm": 4.875, "peak_allocated": 48856726528}
{"step": 99, "epoch": 0, "loss": 0.37719872410954297, "lr": 4.95e-07, "grad_norm": 4.6875, "peak_allocated": 48856726528}
{"step": 100, "epoch": 0, "loss": 0.34773089485553527, "lr": 5.000000000000001e-07, "grad_norm": 4.25, "peak_allocated": 48856726528}
{"step": 101, "epoch": 0, "loss": 0.37642111181375687, "lr": 5.05e-07, "grad_norm": 4.65625, "peak_allocated": 48856726528}
{"step": 102, "epoch": 0, "loss": 0.3651464704580615, "lr": 5.1e-07, "grad_norm": 5.03125, "peak_allocated": 48856726528}
{"step": 103, "epoch": 0, "loss": 0.39314114790041366, "lr": 5.15e-07, "grad_norm": 4.84375, "peak_allocated": 48856726528}
{"step": 104, "epoch": 0, "loss": 0.3531797754832152, "lr": 5.2e-07, "grad_norm": 4.59375, "peak_allocated": 48856726528}
{"step": 105, "epoch": 0, "loss": 0.381739073656764, "lr": 5.250000000000001e-07, "grad_norm": 4.78125, "peak_allocated": 48856726528}
{"step": 106, "epoch": 0, "loss": 0.38849774326824954, "lr": 5.3e-07, "grad_norm": 4.9375, "peak_allocated": 48856726528}
{"step": 107, "epoch": 0, "loss": 0.40542468974279006, "lr": 5.350000000000001e-07, "grad_norm": 4.6875, "peak_allocated": 48856726528}
{"step": 108, "epoch": 0, "loss": 0.42957319842023745, "lr": 5.4e-07, "grad_norm": 5.65625, "peak_allocated": 48856726528}
{"step": 109, "epoch": 0, "loss": 0.4313960813499252, "lr": 5.450000000000001e-07, "grad_norm": 5.8125, "peak_allocated": 48856726528}
{"step": 110, "epoch": 0, "loss": 0.36470849703684294, "lr": 5.5e-07, "grad_norm": 5.03125, "peak_allocated": 48856726528}
{"step": 111, "epoch": 0, "loss": 0.35596651851636996, "lr": 5.550000000000001e-07, "grad_norm": 4.375, "peak_allocated": 48856726528}
{"step": 112, "epoch": 0, "loss": 0.36879431746222757, "lr": 5.6e-07, "grad_norm": 5.25, "peak_allocated": 48856726528}
{"step": 113, "epoch": 0, "loss": 0.3610185136247787, "lr": 5.650000000000001e-07, "grad_norm": 4.34375, "peak_allocated": 48856726528}
{"step": 114, "epoch": 0, "loss": 0.3776106180256398, "lr": 5.7e-07, "grad_norm": 4.5625, "peak_allocated": 48856726528}
{"step": 115, "epoch": 0, "loss": 0.40748328177413395, "lr": 5.750000000000001e-07, "grad_norm": 4.59375, "peak_allocated": 48856726528}
{"step": 116, "epoch": 0, "loss": 0.39991149651211794, "lr": 5.800000000000001e-07, "grad_norm": 5.125, "peak_allocated": 48856726528}
{"step": 117, "epoch": 0, "loss": 0.38455257777847063, "lr": 5.850000000000001e-07, "grad_norm": 4.78125, "peak_allocated": 48856726528}
{"step": 118, "epoch": 0, "loss": 0.3820174418768423, "lr": 5.900000000000001e-07, "grad_norm": 4.71875, "peak_allocated": 48856726528}
{"step": 119, "epoch": 0, "loss": 0.3047260928035944, "lr": 5.95e-07, "grad_norm": 3.234375, "peak_allocated": 48856726528}
{"step": 120, "epoch": 0, "loss": 0.38758321139520824, "lr": 6.000000000000001e-07, "grad_norm": 4.46875, "peak_allocated": 48856726528}
{"step": 121, "epoch": 0, "loss": 0.3705746852290076, "lr": 6.05e-07, "grad_norm": 4.25, "peak_allocated": 48856726528}
{"step": 122, "epoch": 0, "loss": 0.3675764146251981, "lr": 6.100000000000001e-07, "grad_norm": 4.6875, "peak_allocated": 48856726528}
{"step": 123, "epoch": 0, "loss": 0.39893469994860276, "lr": 6.15e-07, "grad_norm": 4.625, "peak_allocated": 48856726528}
{"step": 124, "epoch": 0, "loss": 0.3591776233348396, "lr": 6.200000000000001e-07, "grad_norm": 4.4375, "peak_allocated": 48856726528}
{"step": 125, "epoch": 0, "loss": 0.3628104358038399, "lr": 6.25e-07, "grad_norm": 4.40625, "peak_allocated": 48856726528}
{"step": 126, "epoch": 0, "loss": 0.3897434643653246, "lr": 6.3e-07, "grad_norm": 4.53125, "peak_allocated": 48856726528}
{"step": 127, "epoch": 0, "loss": 0.40930205889303106, "lr": 6.350000000000001e-07, "grad_norm": 5.03125, "peak_allocated": 48856726528}
{"step": 128, "epoch": 0, "loss": 0.32200587144034326, "lr": 6.4e-07, "grad_norm": 4.09375, "peak_allocated": 48856726528}
{"step": 129, "epoch": 0, "loss": 0.4132220656681988, "lr": 6.450000000000001e-07, "grad_norm": 5.5, "peak_allocated": 48856726528}
{"step": 130, "epoch": 0, "loss": 0.4118898080696667, "lr": 6.5e-07, "grad_norm": 5.3125, "peak_allocated": 48856726528}
{"step": 131, "epoch": 0, "loss": 0.3396951383497193, "lr": 6.550000000000001e-07, "grad_norm": 4.28125, "peak_allocated": 48856726528}
{"step": 132, "epoch": 0, "loss": 0.4784423210101076, "lr": 6.6e-07, "grad_norm": 5.40625, "peak_allocated": 48856726528}
{"step": 133, "epoch": 0, "loss": 0.40253342808525366, "lr": 6.650000000000001e-07, "grad_norm": 5.1875, "peak_allocated": 48856726528}
{"step": 134, "epoch": 0, "loss": 0.4086508174091651, "lr": 6.7e-07, "grad_norm": 5.21875, "peak_allocated": 48856726528}
{"step": 135, "epoch": 0, "loss": 0.41049803298928617, "lr": 6.750000000000001e-07, "grad_norm": 4.53125, "peak_allocated": 48856726528}
{"step": 136, "epoch": 0, "loss": 0.3307895660945821, "lr": 6.800000000000001e-07, "grad_norm": 4.0, "peak_allocated": 48856726528}
{"step": 137, "epoch": 0, "loss": 0.31291479114642556, "lr": 6.850000000000001e-07, "grad_norm": 4.0625, "peak_allocated": 48856726528}
{"step": 138, "epoch": 0, "loss": 0.4069716277480414, "lr": 6.900000000000001e-07, "grad_norm": 5.90625, "peak_allocated": 48856726528}
{"step": 139, "epoch": 0, "loss": 0.34503328253520776, "lr": 6.950000000000001e-07, "grad_norm": 4.5625, "peak_allocated": 48856726528}
{"step": 140, "epoch": 0, "loss": 0.43182112878444145, "lr": 7.000000000000001e-07, "grad_norm": 4.9375, "peak_allocated": 48856726528}
{"step": 141, "epoch": 0, "loss": 0.3272539929576348, "lr": 7.05e-07, "grad_norm": 3.921875, "peak_allocated": 48856726528}
{"step": 142, "epoch": 0, "loss": 0.3910767646672828, "lr": 7.1e-07, "grad_norm": 4.3125, "peak_allocated": 48856726528}
{"step": 143, "epoch": 0, "loss": 0.41798896940938435, "lr": 7.15e-07, "grad_norm": 5.1875, "peak_allocated": 48856726528}
{"step": 144, "epoch": 0, "loss": 0.4107869239241788, "lr": 7.2e-07, "grad_norm": 4.84375, "peak_allocated": 48856726528}
{"step": 145, "epoch": 0, "loss": 0.347680097391548, "lr": 7.25e-07, "grad_norm": 4.8125, "peak_allocated": 48856726528}
{"step": 146, "epoch": 0, "loss": 0.33382001263375, "lr": 7.3e-07, "grad_norm": 3.921875, "peak_allocated": 48856726528}
{"step": 147, "epoch": 0, "loss": 0.375585078552702, "lr": 7.350000000000001e-07, "grad_norm": 5.0, "peak_allocated": 48856726528}
{"step": 148, "epoch": 0, "loss": 0.3339546063446744, "lr": 7.4e-07, "grad_norm": 3.96875, "peak_allocated": 48856726528}
{"step": 149, "epoch": 0, "loss": 0.4202832757795203, "lr": 7.450000000000001e-07, "grad_norm": 5.0625, "peak_allocated": 48856726528}
{"step": 150, "epoch": 0, "loss": 0.38885228009855977, "lr": 7.5e-07, "grad_norm": 4.34375, "peak_allocated": 48856726528}
{"step": 151, "epoch": 0, "loss": 0.41285439722225886, "lr": 7.550000000000001e-07, "grad_norm": 5.21875, "peak_allocated": 48856726528}
{"step": 152, "epoch": 0, "loss": 0.3312215996783393, "lr": 7.6e-07, "grad_norm": 3.8125, "peak_allocated": 48856726528}
{"step": 153, "epoch": 0, "loss": 0.38675296337362974, "lr": 7.650000000000001e-07, "grad_norm": 5.21875, "peak_allocated": 48856726528}
{"step": 154, "epoch": 0, "loss": 0.38515320599131164, "lr": 7.7e-07, "grad_norm": 4.65625, "peak_allocated": 48856726528}
{"step": 155, "epoch": 0, "loss": 0.4503820855335171, "lr": 7.750000000000001e-07, "grad_norm": 5.4375, "peak_allocated": 48856726528}
{"step": 156, "epoch": 0, "loss": 0.38276898586229097, "lr": 7.8e-07, "grad_norm": 4.53125, "peak_allocated": 48856726528}
{"step": 157, "epoch": 0, "loss": 0.3385624774429697, "lr": 7.850000000000001e-07, "grad_norm": 4.5625, "peak_allocated": 48856726528}
{"step": 158, "epoch": 0, "loss": 0.4356006849733215, "lr": 7.900000000000001e-07, "grad_norm": 5.40625, "peak_allocated": 48856726528}
{"step": 159, "epoch": 0, "loss": 0.3572399027689828, "lr": 7.950000000000001e-07, "grad_norm": 4.1875, "peak_allocated": 48856726528}
{"step": 160, "epoch": 0, "loss": 0.38584624081229457, "lr": 8.000000000000001e-07, "grad_norm": 5.1875, "peak_allocated": 48856726528}
{"step": 161, "epoch": 0, "loss": 0.37196387088258825, "lr": 8.050000000000001e-07, "grad_norm": 4.4375, "peak_allocated": 48856726528}
{"step": 162, "epoch": 0, "loss": 0.36688587991996313, "lr": 8.100000000000001e-07, "grad_norm": 4.71875, "peak_allocated": 48856726528}
{"step": 163, "epoch": 0, "loss": 0.36916883730266553, "lr": 8.150000000000001e-07, "grad_norm": 4.9375, "peak_allocated": 48856726528}
{"step": 164, "epoch": 0, "loss": 0.38323017226021744, "lr": 8.200000000000001e-07, "grad_norm": 4.5625, "peak_allocated": 48856726528}
{"step": 165, "epoch": 0, "loss": 0.35489457093893295, "lr": 8.250000000000001e-07, "grad_norm": 4.0625, "peak_allocated": 48856726528}
{"step": 166, "epoch": 0, "loss": 0.3396006755865431, "lr": 8.300000000000001e-07, "grad_norm": 4.6875, "peak_allocated": 48856726528}
{"step": 167, "epoch": 0, "loss": 0.39727565338863724, "lr": 8.350000000000002e-07, "grad_norm": 4.9375, "peak_allocated": 48856726528}
{"step": 168, "epoch": 0, "loss": 0.35648606360988533, "lr": 8.400000000000001e-07, "grad_norm": 4.6875, "peak_allocated": 48856726528}
{"step": 169, "epoch": 0, "loss": 0.35490777545316554, "lr": 8.450000000000002e-07, "grad_norm": 4.25, "peak_allocated": 48856726528}
{"step": 170, "epoch": 0, "loss": 0.3646808722987771, "lr": 8.500000000000001e-07, "grad_norm": 4.4375, "peak_allocated": 48856726528}
{"step": 171, "epoch": 0, "loss": 0.34195853984717167, "lr": 8.550000000000002e-07, "grad_norm": 4.34375, "peak_allocated": 48856726528}
{"step": 172, "epoch": 0, "loss": 0.37191611889240284, "lr": 8.6e-07, "grad_norm": 4.34375, "peak_allocated": 48856726528}
{"step": 173, "epoch": 0, "loss": 0.34478640144350986, "lr": 8.65e-07, "grad_norm": 4.5, "peak_allocated": 48856726528}
{"step": 174, "epoch": 0, "loss": 0.33846791859723674, "lr": 8.7e-07, "grad_norm": 4.0625, "peak_allocated": 48856726528}
{"step": 175, "epoch": 0, "loss": 0.3625125410623498, "lr": 8.75e-07, "grad_norm": 5.0625, "peak_allocated": 48856726528}
{"step": 176, "epoch": 0, "loss": 0.37160426003474234, "lr": 8.8e-07, "grad_norm": 4.375, "peak_allocated": 48856726528}
{"step": 177, "epoch": 0, "loss": 0.30000175620282526, "lr": 8.85e-07, "grad_norm": 3.921875, "peak_allocated": 48856726528}
{"step": 178, "epoch": 0, "loss": 0.34424598913451104, "lr": 8.900000000000001e-07, "grad_norm": 4.4375, "peak_allocated": 48856726528}
{"step": 179, "epoch": 0, "loss": 0.3457646196522198, "lr": 8.95e-07, "grad_norm": 4.46875, "peak_allocated": 48856726528}
{"step": 180, "epoch": 0, "loss": 0.3655787144407563, "lr": 9.000000000000001e-07, "grad_norm": 5.03125, "peak_allocated": 48856726528}
{"step": 181, "epoch": 0, "loss": 0.41255508968962057, "lr": 9.05e-07, "grad_norm": 5.09375, "peak_allocated": 48856726528}
{"step": 182, "epoch": 0, "loss": 0.39123800649041574, "lr": 9.100000000000001e-07, "grad_norm": 5.0, "peak_allocated": 48856726528}
{"step": 183, "epoch": 0, "loss": 0.362461294242535, "lr": 9.15e-07, "grad_norm": 4.71875, "peak_allocated": 48856726528}
{"step": 184, "epoch": 0, "loss": 0.40392850550972387, "lr": 9.200000000000001e-07, "grad_norm": 5.0, "peak_allocated": 48856726528}
{"step": 185, "epoch": 0, "loss": 0.3854053805612965, "lr": 9.25e-07, "grad_norm": 5.3125, "peak_allocated": 48856726528}
{"step": 186, "epoch": 0, "loss": 0.3064919316578017, "lr": 9.300000000000001e-07, "grad_norm": 4.0625, "peak_allocated": 48856726528}
{"step": 187, "epoch": 0, "loss": 0.3388864444279144, "lr": 9.35e-07, "grad_norm": 4.53125, "peak_allocated": 48856726528}
{"step": 188, "epoch": 0, "loss": 0.33990950854425145, "lr": 9.400000000000001e-07, "grad_norm": 4.9375, "peak_allocated": 48856726528}
{"step": 189, "epoch": 0, "loss": 0.4133436213551329, "lr": 9.450000000000001e-07, "grad_norm": 5.0, "peak_allocated": 48856726528}
{"step": 190, "epoch": 0, "loss": 0.3300932589944138, "lr": 9.500000000000001e-07, "grad_norm": 3.546875, "peak_allocated": 48856726528}
{"step": 191, "epoch": 0, "loss": 0.36087576538221855, "lr": 9.550000000000002e-07, "grad_norm": 4.59375, "peak_allocated": 48856726528}
{"step": 192, "epoch": 0, "loss": 0.3287802974693906, "lr": 9.600000000000001e-07, "grad_norm": 4.96875, "peak_allocated": 48856726528}
{"step": 193, "epoch": 0, "loss": 0.3053569398681496, "lr": 9.65e-07, "grad_norm": 4.15625, "peak_allocated": 48856726528}
{"step": 194, "epoch": 0, "loss": 0.3421183679716654, "lr": 9.7e-07, "grad_norm": 4.78125, "peak_allocated": 48856726528}
{"step": 195, "epoch": 0, "loss": 0.36143214715598315, "lr": 9.750000000000002e-07, "grad_norm": 4.96875, "peak_allocated": 48856726528}
{"step": 196, "epoch": 0, "loss": 0.3702842859423572, "lr": 9.800000000000001e-07, "grad_norm": 4.53125, "peak_allocated": 48856726528}
{"step": 197, "epoch": 0, "loss": 0.31553304879237365, "lr": 9.85e-07, "grad_norm": 4.4375, "peak_allocated": 48856726528}
{"step": 198, "epoch": 0, "loss": 0.36125817767752944, "lr": 9.9e-07, "grad_norm": 4.78125, "peak_allocated": 48856726528}
{"step": 199, "epoch": 0, "loss": 0.3735883714514001, "lr": 9.950000000000002e-07, "grad_norm": 4.375, "peak_allocated": 48856726528}
{"step": 200, "epoch": 0, "loss": 0.30454737769642953, "lr": 1.0000000000000002e-06, "grad_norm": 4.03125, "peak_allocated": 48856726528}
{"step": 201, "epoch": 0, "loss": 0.43495604436052215, "lr": 1.0050000000000001e-06, "grad_norm": 4.78125, "peak_allocated": 48856726528}
{"step": 202, "epoch": 0, "loss": 0.38172497587148535, "lr": 1.01e-06, "grad_norm": 5.125, "peak_allocated": 48856726528}
{"step": 203, "epoch": 0, "loss": 0.33211375596639076, "lr": 1.0150000000000002e-06, "grad_norm": 4.78125, "peak_allocated": 48856726528}
{"step": 204, "epoch": 0, "loss": 0.3481535202582152, "lr": 1.02e-06, "grad_norm": 4.40625, "peak_allocated": 48856726528}
{"step": 205, "epoch": 0, "loss": 0.357875466439118, "lr": 1.025e-06, "grad_norm": 5.34375, "peak_allocated": 48856726528}
{"step": 206, "epoch": 0, "loss": 0.39006777118565966, "lr": 1.03e-06, "grad_norm": 5.09375, "peak_allocated": 48856726528}
{"step": 207, "epoch": 0, "loss": 0.37717261877828956, "lr": 1.035e-06, "grad_norm": 4.71875, "peak_allocated": 48856726528}
{"step": 208, "epoch": 0, "loss": 0.33537670201652653, "lr": 1.04e-06, "grad_norm": 4.5625, "peak_allocated": 48856726528}
{"step": 209, "epoch": 0, "loss": 0.29870113644764007, "lr": 1.045e-06, "grad_norm": 4.15625, "peak_allocated": 48856726528}
{"step": 210, "epoch": 0, "loss": 0.3352458035683355, "lr": 1.0500000000000001e-06, "grad_norm": 5.0625, "peak_allocated": 48856726528}
{"step": 211, "epoch": 0, "loss": 0.3340768321286001, "lr": 1.055e-06, "grad_norm": 4.28125, "peak_allocated": 48856726528}
{"step": 212, "epoch": 0, "loss": 0.3873281451259845, "lr": 1.06e-06, "grad_norm": 4.59375, "peak_allocated": 48856726528}
{"step": 213, "epoch": 0, "loss": 0.3237346913448337, "lr": 1.065e-06, "grad_norm": 4.5, "peak_allocated": 48856726528}
{"step": 214, "epoch": 0, "loss": 0.3405048315550733, "lr": 1.0700000000000001e-06, "grad_norm": 4.8125, "peak_allocated": 48856726528}
{"step": 215, "epoch": 0, "loss": 0.31306179294831965, "lr": 1.075e-06, "grad_norm": 3.671875, "peak_allocated": 48856726528}
{"step": 216, "epoch": 0, "loss": 0.3345006541646308, "lr": 1.08e-06, "grad_norm": 4.71875, "peak_allocated": 48856726528}
{"step": 217, "epoch": 0, "loss": 0.2803054008070983, "lr": 1.085e-06, "grad_norm": 3.828125, "peak_allocated": 48856726528}
{"step": 218, "epoch": 0, "loss": 0.31034694333634594, "lr": 1.0900000000000002e-06, "grad_norm": 3.96875, "peak_allocated": 48856726528}
{"step": 219, "epoch": 0, "loss": 0.37496169231209714, "lr": 1.095e-06, "grad_norm": 5.0625, "peak_allocated": 48856726528}
{"step": 220, "epoch": 0, "loss": 0.3482467588627716, "lr": 1.1e-06, "grad_norm": 5.0625, "peak_allocated": 48856726528}
{"step": 221, "epoch": 0, "loss": 0.36005092283963286, "lr": 1.105e-06, "grad_norm": 4.5, "peak_allocated": 48856726528}
{"step": 222, "epoch": 0, "loss": 0.26900669788977843, "lr": 1.1100000000000002e-06, "grad_norm": 3.28125, "peak_allocated": 48856726528}
{"step": 223, "epoch": 0, "loss": 0.3675862169176432, "lr": 1.1150000000000001e-06, "grad_norm": 4.59375, "peak_allocated": 48856726528}
{"step": 224, "epoch": 0, "loss": 0.3750495860995684, "lr": 1.12e-06, "grad_norm": 4.96875, "peak_allocated": 48856726528}
{"step": 225, "epoch": 0, "loss": 0.3443122503642317, "lr": 1.125e-06, "grad_norm": 4.40625, "peak_allocated": 48856726528}
{"step": 226, "epoch": 0, "loss": 0.34991402980867015, "lr": 1.1300000000000002e-06, "grad_norm": 4.40625, "peak_allocated": 48856726528}
{"step": 227, "epoch": 0, "loss": 0.33499704531621277, "lr": 1.1350000000000001e-06, "grad_norm": 4.28125, "peak_allocated": 48856726528}
{"step": 228, "epoch": 0, "loss": 0.3671641093444394, "lr": 1.14e-06, "grad_norm": 4.9375, "peak_allocated": 48856726528}
{"step": 229, "epoch": 0, "loss": 0.35643736110581065, "lr": 1.145e-06, "grad_norm": 4.21875, "peak_allocated": 48856726528}
{"step": 230, "epoch": 0, "loss": 0.2953210904742402, "lr": 1.1500000000000002e-06, "grad_norm": 3.671875, "peak_allocated": 48856726528}
{"step": 231, "epoch": 0, "loss": 0.2964778082526248, "lr": 1.1550000000000002e-06, "grad_norm": 3.90625, "peak_allocated": 48856726528}
{"step": 232, "epoch": 0, "loss": 0.3112739336803989, "lr": 1.1600000000000001e-06, "grad_norm": 4.6875, "peak_allocated": 48856726528}
{"step": 233, "epoch": 0, "loss": 0.33882162153669226, "lr": 1.165e-06, "grad_norm": 4.46875, "peak_allocated": 48856726528}
{"step": 234, "epoch": 0, "loss": 0.30668630355011806, "lr": 1.1700000000000002e-06, "grad_norm": 4.125, "peak_allocated": 48856726528}
{"step": 235, "epoch": 0, "loss": 0.3115188091712293, "lr": 1.175e-06, "grad_norm": 3.9375, "peak_allocated": 48856726528}
{"step": 236, "epoch": 0, "loss": 0.3636003869664159, "lr": 1.1800000000000001e-06, "grad_norm": 4.6875, "peak_allocated": 48856726528}
{"step": 237, "epoch": 0, "loss": 0.31102292338145365, "lr": 1.185e-06, "grad_norm": 3.953125, "peak_allocated": 48856726528}
{"step": 238, "epoch": 0, "loss": 0.3500040535632237, "lr": 1.19e-06, "grad_norm": 4.6875, "peak_allocated": 48856726528}
{"step": 239, "epoch": 0, "loss": 0.26899773455993053, "lr": 1.195e-06, "grad_norm": 4.28125, "peak_allocated": 48856726528}
{"step": 240, "epoch": 0, "loss": 0.28637435149368734, "lr": 1.2000000000000002e-06, "grad_norm": 3.796875, "peak_allocated": 48856726528}
{"step": 241, "epoch": 0, "loss": 0.29531192546101664, "lr": 1.2050000000000001e-06, "grad_norm": 3.9375, "peak_allocated": 48856726528}
{"step": 242, "epoch": 0, "loss": 0.32666848374223245, "lr": 1.21e-06, "grad_norm": 3.9375, "peak_allocated": 48856726528}
{"step": 243, "epoch": 0, "loss": 0.32746554606960215, "lr": 1.215e-06, "grad_norm": 4.03125, "peak_allocated": 48856726528}
{"step": 244, "epoch": 0, "loss": 0.36409005800558025, "lr": 1.2200000000000002e-06, "grad_norm": 4.5625, "peak_allocated": 48856726528}
{"step": 245, "epoch": 0, "loss": 0.351020627294692, "lr": 1.2250000000000001e-06, "grad_norm": 5.03125, "peak_allocated": 48856726528}
{"step": 246, "epoch": 0, "loss": 0.298314008067539, "lr": 1.23e-06, "grad_norm": 4.53125, "peak_allocated": 48856726528}
{"step": 247, "epoch": 0, "loss": 0.30366695657340703, "lr": 1.235e-06, "grad_norm": 4.28125, "peak_allocated": 48856726528}
{"step": 248, "epoch": 0, "loss": 0.2863177987096106, "lr": 1.2400000000000002e-06, "grad_norm": 4.5625, "peak_allocated": 48856726528}
{"step": 249, "epoch": 0, "loss": 0.2976873053508193, "lr": 1.2450000000000002e-06, "grad_norm": 4.09375, "peak_allocated": 48856726528}
{"step": 250, "epoch": 0, "loss": 0.30219026402071797, "lr": 1.25e-06, "grad_norm": 4.09375, "peak_allocated": 48856726528}
{"step": 251, "epoch": 0, "loss": 0.31372718186732257, "lr": 1.255e-06, "grad_norm": 4.125, "peak_allocated": 48856726528}
{"step": 252, "epoch": 0, "loss": 0.29666259728714234, "lr": 1.26e-06, "grad_norm": 4.3125, "peak_allocated": 48856726528}
{"step": 253, "epoch": 0, "loss": 0.38168338589046313, "lr": 1.2650000000000002e-06, "grad_norm": 4.625, "peak_allocated": 48856726528}
{"step": 254, "epoch": 0, "loss": 0.28927339505530664, "lr": 1.2700000000000001e-06, "grad_norm": 3.703125, "peak_allocated": 48856726528}
{"step": 255, "epoch": 0, "loss": 0.2870555929905662, "lr": 1.275e-06, "grad_norm": 4.21875, "peak_allocated": 48856726528}
{"step": 256, "epoch": 0, "loss": 0.3277706762878444, "lr": 1.28e-06, "grad_norm": 4.90625, "peak_allocated": 48856726528}
{"step": 257, "epoch": 0, "loss": 0.31946519275392943, "lr": 1.2850000000000002e-06, "grad_norm": 3.8125, "peak_allocated": 48856726528}
{"step": 258, "epoch": 0, "loss": 0.2824902775525367, "lr": 1.2900000000000001e-06, "grad_norm": 4.15625, "peak_allocated": 48856726528}
{"step": 259, "epoch": 0, "loss": 0.2896048103448751, "lr": 1.295e-06, "grad_norm": 4.0625, "peak_allocated": 48856726528}
{"step": 260, "epoch": 0, "loss": 0.24839272403947232, "lr": 1.3e-06, "grad_norm": 3.9375, "peak_allocated": 48856726528}
{"step": 261, "epoch": 0, "loss": 0.27207795544869484, "lr": 1.3050000000000002e-06, "grad_norm": 3.578125, "peak_allocated": 48856726528}
{"step": 262, "epoch": 0, "loss": 0.31732672760512104, "lr": 1.3100000000000002e-06, "grad_norm": 5.375, "peak_allocated": 48856726528}
{"step": 263, "epoch": 0, "loss": 0.2508778551685701, "lr": 1.3150000000000001e-06, "grad_norm": 3.46875, "peak_allocated": 48856726528}
{"step": 264, "epoch": 0, "loss": 0.2393392800358629, "lr": 1.32e-06, "grad_norm": 3.671875, "peak_allocated": 48856726528}
{"step": 265, "epoch": 0, "loss": 0.33508072464291416, "lr": 1.3250000000000002e-06, "grad_norm": 5.34375, "peak_allocated": 48856726528}
{"step": 266, "epoch": 0, "loss": 0.3029465174763061, "lr": 1.3300000000000002e-06, "grad_norm": 4.28125, "peak_allocated": 48856726528}
{"step": 267, "epoch": 0, "loss": 0.3564563352896713, "lr": 1.3350000000000001e-06, "grad_norm": 5.0, "peak_allocated": 48856726528}
{"step": 268, "epoch": 0, "loss": 0.2947998119304689, "lr": 1.34e-06, "grad_norm": 4.0625, "peak_allocated": 48856726528}
{"step": 269, "epoch": 0, "loss": 0.29554730785150085, "lr": 1.3450000000000003e-06, "grad_norm": 3.890625, "peak_allocated": 48856726528}
{"step": 270, "epoch": 0, "loss": 0.3232453582622727, "lr": 1.3500000000000002e-06, "grad_norm": 4.53125, "peak_allocated": 48856726528}
{"step": 271, "epoch": 0, "loss": 0.2887447731097723, "lr": 1.3550000000000002e-06, "grad_norm": 4.21875, "peak_allocated": 48856726528}
{"step": 272, "epoch": 0, "loss": 0.2876175591498421, "lr": 1.3600000000000001e-06, "grad_norm": 3.4375, "peak_allocated": 48856726528}
{"step": 273, "epoch": 0, "loss": 0.29225780602626183, "lr": 1.3650000000000003e-06, "grad_norm": 3.890625, "peak_allocated": 48856726528}
{"step": 274, "epoch": 0, "loss": 0.26477166027609816, "lr": 1.3700000000000002e-06, "grad_norm": 4.03125, "peak_allocated": 48856726528}
{"step": 275, "epoch": 0, "loss": 0.26843422758998225, "lr": 1.3750000000000002e-06, "grad_norm": 3.8125, "peak_allocated": 48856726528}
{"step": 276, "epoch": 0, "loss": 0.2832293006224783, "lr": 1.3800000000000001e-06, "grad_norm": 4.03125, "peak_allocated": 48856726528}
{"step": 277, "epoch": 0, "loss": 0.33468315084791594, "lr": 1.3850000000000003e-06, "grad_norm": 3.796875, "peak_allocated": 48856726528}
{"step": 278, "epoch": 0, "loss": 0.27437495651949795, "lr": 1.3900000000000002e-06, "grad_norm": 4.0625, "peak_allocated": 48856726528}
{"step": 279, "epoch": 0, "loss": 0.3110539371811825, "lr": 1.3950000000000002e-06, "grad_norm": 3.78125, "peak_allocated": 48856726528}
{"step": 280, "epoch": 0, "loss": 0.2491437637704251, "lr": 1.4000000000000001e-06, "grad_norm": 3.921875, "peak_allocated": 48856726528}
{"step": 281, "epoch": 0, "loss": 0.2737270392611921, "lr": 1.4050000000000003e-06, "grad_norm": 4.21875, "peak_allocated": 48856726528}
{"step": 282, "epoch": 0, "loss": 0.26298432565227, "lr": 1.41e-06, "grad_norm": 3.46875, "peak_allocated": 48856726528}
{"step": 283, "epoch": 0, "loss": 0.2501484360894517, "lr": 1.415e-06, "grad_norm": 3.265625, "peak_allocated": 48856726528}
{"step": 284, "epoch": 0, "loss": 0.25138666754468547, "lr": 1.42e-06, "grad_norm": 3.140625, "peak_allocated": 48856726528}
{"step": 285, "epoch": 0, "loss": 0.26865851633941024, "lr": 1.425e-06, "grad_norm": 3.5, "peak_allocated": 48856726528}
{"step": 286, "epoch": 0, "loss": 0.3197941606874542, "lr": 1.43e-06, "grad_norm": 4.59375, "peak_allocated": 48856726528}
{"step": 287, "epoch": 0, "loss": 0.1984093091132478, "lr": 1.435e-06, "grad_norm": 2.890625, "peak_allocated": 48856726528}
{"step": 288, "epoch": 0, "loss": 0.24955296293299467, "lr": 1.44e-06, "grad_norm": 3.546875, "peak_allocated": 48856726528}
{"step": 289, "epoch": 0, "loss": 0.3074468979023486, "lr": 1.445e-06, "grad_norm": 3.984375, "peak_allocated": 48856726528}
{"step": 290, "epoch": 0, "loss": 0.2979967660935741, "lr": 1.45e-06, "grad_norm": 3.921875, "peak_allocated": 48856726528}
{"step": 291, "epoch": 0, "loss": 0.3261333748645158, "lr": 1.455e-06, "grad_norm": 3.859375, "peak_allocated": 48856726528}
{"step": 292, "epoch": 0, "loss": 0.2927205796063948, "lr": 1.46e-06, "grad_norm": 3.765625, "peak_allocated": 48856726528}
{"step": 293, "epoch": 0, "loss": 0.2965665063267254, "lr": 1.465e-06, "grad_norm": 3.9375, "peak_allocated": 48856726528}
{"step": 294, "epoch": 0, "loss": 0.24015114457277512, "lr": 1.4700000000000001e-06, "grad_norm": 3.0, "peak_allocated": 48856726528}
{"step": 295, "epoch": 0, "loss": 0.2040779731670641, "lr": 1.475e-06, "grad_norm": 3.078125, "peak_allocated": 48856726528}
{"step": 296, "epoch": 0, "loss": 0.2693920812400416, "lr": 1.48e-06, "grad_norm": 3.921875, "peak_allocated": 48856726528}
{"step": 297, "epoch": 0, "loss": 0.2409868546378666, "lr": 1.485e-06, "grad_norm": 3.328125, "peak_allocated": 48856726528}
{"step": 298, "epoch": 0, "loss": 0.2988777431758011, "lr": 1.4900000000000001e-06, "grad_norm": 3.28125, "peak_allocated": 48856726528}
{"step": 299, "epoch": 0, "loss": 0.23138153328194608, "lr": 1.495e-06, "grad_norm": 3.21875, "peak_allocated": 48856726528}
{"step": 300, "epoch": 0, "loss": 0.2107290927978123, "lr": 1.5e-06, "grad_norm": 3.65625, "peak_allocated": 48856726528}
{"step": 301, "epoch": 0, "loss": 0.25235108031725234, "lr": 1.505e-06, "grad_norm": 2.71875, "peak_allocated": 48856726528}
{"step": 302, "epoch": 0, "loss": 0.27628203636064375, "lr": 1.5100000000000002e-06, "grad_norm": 3.53125, "peak_allocated": 48856726528}
{"step": 303, "epoch": 0, "loss": 0.28118855266325843, "lr": 1.5150000000000001e-06, "grad_norm": 3.578125, "peak_allocated": 48856726528}
{"step": 304, "epoch": 0, "loss": 0.24272941999221256, "lr": 1.52e-06, "grad_norm": 3.34375, "peak_allocated": 48856726528}
{"step": 305, "epoch": 0, "loss": 0.25653691989744326, "lr": 1.525e-06, "grad_norm": 3.125, "peak_allocated": 48856726528}
{"step": 306, "epoch": 0, "loss": 0.2997128534201852, "lr": 1.5300000000000002e-06, "grad_norm": 3.484375, "peak_allocated": 48856726528}
{"step": 307, "epoch": 0, "loss": 0.30235792529296934, "lr": 1.5350000000000001e-06, "grad_norm": 3.34375, "peak_allocated": 48856726528}
{"step": 308, "epoch": 0, "loss": 0.2600574790555918, "lr": 1.54e-06, "grad_norm": 3.234375, "peak_allocated": 48856726528}
{"step": 309, "epoch": 0, "loss": 0.2908185303211212, "lr": 1.545e-06, "grad_norm": 3.921875, "peak_allocated": 48856726528}
{"step": 310, "epoch": 0, "loss": 0.22707466855818853, "lr": 1.5500000000000002e-06, "grad_norm": 2.78125, "peak_allocated": 48856726528}
{"step": 311, "epoch": 0, "loss": 0.26037554809523666, "lr": 1.5550000000000001e-06, "grad_norm": 3.171875, "peak_allocated": 48856726528}
{"step": 312, "epoch": 0, "loss": 0.2674269352524047, "lr": 1.56e-06, "grad_norm": 3.40625, "peak_allocated": 48856726528}
{"step": 313, "epoch": 0, "loss": 0.24893820153911017, "lr": 1.565e-06, "grad_norm": 2.953125, "peak_allocated": 48856726528}
{"step": 314, "epoch": 0, "loss": 0.2772070966468289, "lr": 1.5700000000000002e-06, "grad_norm": 3.4375, "peak_allocated": 48856726528}
{"step": 315, "epoch": 0, "loss": 0.2676585357549145, "lr": 1.5750000000000002e-06, "grad_norm": 3.140625, "peak_allocated": 48856726528}
{"step": 316, "epoch": 0, "loss": 0.2162122693402848, "lr": 1.5800000000000001e-06, "grad_norm": 2.46875, "peak_allocated": 48856726528}
{"step": 317, "epoch": 0, "loss": 0.23699741899402707, "lr": 1.585e-06, "grad_norm": 3.3125, "peak_allocated": 48856726528}
{"step": 318, "epoch": 0, "loss": 0.2263828243099383, "lr": 1.5900000000000002e-06, "grad_norm": 3.140625, "peak_allocated": 48856726528}
{"step": 319, "epoch": 0, "loss": 0.28386174348471566, "lr": 1.5950000000000002e-06, "grad_norm": 3.59375, "peak_allocated": 48856726528}
{"step": 320, "epoch": 0, "loss": 0.2900376405087438, "lr": 1.6000000000000001e-06, "grad_norm": 2.953125, "peak_allocated": 48856726528}
{"step": 321, "epoch": 0, "loss": 0.23852930211858864, "lr": 1.605e-06, "grad_norm": 3.25, "peak_allocated": 48856726528}
{"step": 322, "epoch": 0, "loss": 0.20805713525397063, "lr": 1.6100000000000003e-06, "grad_norm": 2.65625, "peak_allocated": 48856726528}
{"step": 323, "epoch": 0, "loss": 0.3073353807883376, "lr": 1.6150000000000002e-06, "grad_norm": 3.296875, "peak_allocated": 48856726528}
{"step": 324, "epoch": 0, "loss": 0.23064164823644842, "lr": 1.6200000000000002e-06, "grad_norm": 2.609375, "peak_allocated": 48856726528}
{"step": 325, "epoch": 0, "loss": 0.23284391955050648, "lr": 1.6250000000000001e-06, "grad_norm": 3.234375, "peak_allocated": 48856726528}
{"step": 326, "epoch": 0, "loss": 0.22622367090835477, "lr": 1.6300000000000003e-06, "grad_norm": 3.015625, "peak_allocated": 48856726528}
{"step": 327, "epoch": 0, "loss": 0.26864189945402667, "lr": 1.6350000000000002e-06, "grad_norm": 3.078125, "peak_allocated": 48856726528}
{"step": 328, "epoch": 0, "loss": 0.26132460311995914, "lr": 1.6400000000000002e-06, "grad_norm": 2.9375, "peak_allocated": 48856726528}
{"step": 329, "epoch": 0, "loss": 0.21785114830704036, "lr": 1.6450000000000001e-06, "grad_norm": 2.8125, "peak_allocated": 48856726528}
{"step": 330, "epoch": 0, "loss": 0.2562013717884102, "lr": 1.6500000000000003e-06, "grad_norm": 2.71875, "peak_allocated": 48856726528}
{"step": 331, "epoch": 0, "loss": 0.25422946780181543, "lr": 1.6550000000000002e-06, "grad_norm": 2.96875, "peak_allocated": 48856726528}
{"step": 332, "epoch": 0, "loss": 0.2360988467724972, "lr": 1.6600000000000002e-06, "grad_norm": 2.890625, "peak_allocated": 48856726528}
{"step": 333, "epoch": 0, "loss": 0.24978647615954402, "lr": 1.6650000000000002e-06, "grad_norm": 2.859375, "peak_allocated": 48856726528}
{"step": 334, "epoch": 0, "loss": 0.27029173974254767, "lr": 1.6700000000000003e-06, "grad_norm": 2.828125, "peak_allocated": 48856726528}
{"step": 335, "epoch": 0, "loss": 0.21559227066228465, "lr": 1.6750000000000003e-06, "grad_norm": 2.71875, "peak_allocated": 48856726528}
{"step": 336, "epoch": 0, "loss": 0.23972339832646403, "lr": 1.6800000000000002e-06, "grad_norm": 2.71875, "peak_allocated": 48856726528}
{"step": 337, "epoch": 0, "loss": 0.22648124669554417, "lr": 1.6850000000000002e-06, "grad_norm": 3.421875, "peak_allocated": 48856726528}
{"step": 338, "epoch": 0, "loss": 0.21662721201954854, "lr": 1.6900000000000003e-06, "grad_norm": 2.609375, "peak_allocated": 48856726528}
{"step": 339, "epoch": 0, "loss": 0.21415132386588634, "lr": 1.6950000000000003e-06, "grad_norm": 2.34375, "peak_allocated": 48856726528}
{"step": 340, "epoch": 0, "loss": 0.24340968984242004, "lr": 1.7000000000000002e-06, "grad_norm": 2.984375, "peak_allocated": 48856726528}
{"step": 341, "epoch": 0, "loss": 0.26066914115132056, "lr": 1.7050000000000002e-06, "grad_norm": 2.96875, "peak_allocated": 48856726528}
{"step": 342, "epoch": 0, "loss": 0.21675826286589153, "lr": 1.7100000000000004e-06, "grad_norm": 2.109375, "peak_allocated": 48856726528}
{"step": 343, "epoch": 0, "loss": 0.21198429858863907, "lr": 1.7150000000000003e-06, "grad_norm": 2.4375, "peak_allocated": 48856726528}
{"step": 344, "epoch": 0, "loss": 0.27357290627382624, "lr": 1.72e-06, "grad_norm": 2.890625, "peak_allocated": 48856726528}
{"step": 345, "epoch": 0, "loss": 0.22945715777965542, "lr": 1.725e-06, "grad_norm": 2.515625, "peak_allocated": 48856726528}
{"step": 346, "epoch": 0, "loss": 0.2535914477769259, "lr": 1.73e-06, "grad_norm": 2.59375, "peak_allocated": 48856726528}
{"step": 347, "epoch": 0, "loss": 0.2273668750653637, "lr": 1.7350000000000001e-06, "grad_norm": 2.8125, "peak_allocated": 48856726528}
{"step": 348, "epoch": 0, "loss": 0.2901770203719922, "lr": 1.74e-06, "grad_norm": 2.734375, "peak_allocated": 48856726528}
{"step": 349, "epoch": 0, "loss": 0.2995398692875104, "lr": 1.745e-06, "grad_norm": 3.71875, "peak_allocated": 48856726528}
{"step": 350, "epoch": 0, "loss": 0.29051129331324804, "lr": 1.75e-06, "grad_norm": 2.4375, "peak_allocated": 48856726528}
{"step": 351, "epoch": 0, "loss": 0.26657511093024944, "lr": 1.7550000000000001e-06, "grad_norm": 2.890625, "peak_allocated": 48856726528}
{"step": 352, "epoch": 0, "loss": 0.22185666774716842, "lr": 1.76e-06, "grad_norm": 1.8671875, "peak_allocated": 48856726528}
{"step": 353, "epoch": 0, "loss": 0.17757271989935733, "lr": 1.765e-06, "grad_norm": 2.4375, "peak_allocated": 48856726528}
{"step": 354, "epoch": 0, "loss": 0.24375272687142774, "lr": 1.77e-06, "grad_norm": 2.359375, "peak_allocated": 48856726528}
{"step": 355, "epoch": 0, "loss": 0.22275655016638649, "lr": 1.7750000000000002e-06, "grad_norm": 2.234375, "peak_allocated": 48856726528}
{"step": 356, "epoch": 0, "loss": 0.23459341628371996, "lr": 1.7800000000000001e-06, "grad_norm": 2.171875, "peak_allocated": 48856726528}
{"step": 357, "epoch": 0, "loss": 0.231093426371579, "lr": 1.785e-06, "grad_norm": 2.515625, "peak_allocated": 48856726528}
{"step": 358, "epoch": 0, "loss": 0.2541320105253722, "lr": 1.79e-06, "grad_norm": 2.703125, "peak_allocated": 48856726528}
{"step": 359, "epoch": 0, "loss": 0.2651223299992955, "lr": 1.7950000000000002e-06, "grad_norm": 2.640625, "peak_allocated": 48856726528}
{"step": 360, "epoch": 0, "loss": 0.2187902611622584, "lr": 1.8000000000000001e-06, "grad_norm": 2.171875, "peak_allocated": 48856726528}
{"step": 361, "epoch": 0, "loss": 0.23850590301289679, "lr": 1.805e-06, "grad_norm": 2.578125, "peak_allocated": 48856726528}
{"step": 362, "epoch": 0, "loss": 0.22457342738057276, "lr": 1.81e-06, "grad_norm": 2.328125, "peak_allocated": 48856726528}
{"step": 363, "epoch": 0, "loss": 0.24345215427733602, "lr": 1.8150000000000002e-06, "grad_norm": 2.453125, "peak_allocated": 48856726528}
{"step": 364, "epoch": 0, "loss": 0.2333639903343582, "lr": 1.8200000000000002e-06, "grad_norm": 2.359375, "peak_allocated": 48856726528}
{"step": 365, "epoch": 0, "loss": 0.19584605433813557, "lr": 1.825e-06, "grad_norm": 1.796875, "peak_allocated": 48856726528}
{"step": 366, "epoch": 0, "loss": 0.22863515671006662, "lr": 1.83e-06, "grad_norm": 2.28125, "peak_allocated": 48856726528}
{"step": 367, "epoch": 0, "loss": 0.23435840366238897, "lr": 1.8350000000000002e-06, "grad_norm": 2.390625, "peak_allocated": 48856726528}
{"step": 368, "epoch": 0, "loss": 0.2021303012106331, "lr": 1.8400000000000002e-06, "grad_norm": 2.046875, "peak_allocated": 48856863744}
{"step": 369, "epoch": 0, "loss": 0.24453168683470305, "lr": 1.8450000000000001e-06, "grad_norm": 2.203125, "peak_allocated": 48856863744}
{"step": 370, "epoch": 0, "loss": 0.23963923180313157, "lr": 1.85e-06, "grad_norm": 2.4375, "peak_allocated": 48856863744}
{"step": 371, "epoch": 0, "loss": 0.2721594065294797, "lr": 1.8550000000000002e-06, "grad_norm": 2.484375, "peak_allocated": 48856863744}
{"step": 372, "epoch": 0, "loss": 0.23051681763842152, "lr": 1.8600000000000002e-06, "grad_norm": 2.46875, "peak_allocated": 48856863744}
{"step": 373, "epoch": 0, "loss": 0.20419073103220908, "lr": 1.8650000000000001e-06, "grad_norm": 1.890625, "peak_allocated": 48856863744}
{"step": 374, "epoch": 0, "loss": 0.26513922241462845, "lr": 1.87e-06, "grad_norm": 2.5, "peak_allocated": 48856863744}
{"step": 375, "epoch": 0, "loss": 0.20810212003804432, "lr": 1.8750000000000003e-06, "grad_norm": 2.25, "peak_allocated": 48856863744}
{"step": 376, "epoch": 0, "loss": 0.24110790806944785, "lr": 1.8800000000000002e-06, "grad_norm": 2.34375, "peak_allocated": 48856863744}
{"step": 377, "epoch": 0, "loss": 0.20293851396534224, "lr": 1.8850000000000002e-06, "grad_norm": 2.140625, "peak_allocated": 48856863744}
{"step": 378, "epoch": 0, "loss": 0.268738755200449, "lr": 1.8900000000000001e-06, "grad_norm": 2.515625, "peak_allocated": 48856863744}
{"step": 379, "epoch": 0, "loss": 0.20188762197575652, "lr": 1.895e-06, "grad_norm": 2.578125, "peak_allocated": 48856863744}
{"step": 380, "epoch": 0, "loss": 0.210703960113297, "lr": 1.9000000000000002e-06, "grad_norm": 2.171875, "peak_allocated": 48856863744}
{"step": 381, "epoch": 0, "loss": 0.19557268238580933, "lr": 1.9050000000000002e-06, "grad_norm": 2.25, "peak_allocated": 48856863744}
{"step": 382, "epoch": 0, "loss": 0.23440783908239968, "lr": 1.9100000000000003e-06, "grad_norm": 2.09375, "peak_allocated": 48856863744}
{"step": 383, "epoch": 0, "loss": 0.22224511429729665, "lr": 1.9150000000000003e-06, "grad_norm": 2.140625, "peak_allocated": 48856863744}
{"step": 384, "epoch": 0, "loss": 0.26989710119614285, "lr": 1.9200000000000003e-06, "grad_norm": 2.53125, "peak_allocated": 48856863744}
{"step": 385, "epoch": 0, "loss": 0.18434185387233484, "lr": 1.925e-06, "grad_norm": 1.8671875, "peak_allocated": 48856863744}
{"step": 386, "epoch": 0, "loss": 0.20252211798666692, "lr": 1.93e-06, "grad_norm": 1.921875, "peak_allocated": 48856863744}
{"step": 387, "epoch": 0, "loss": 0.2677933362705214, "lr": 1.935e-06, "grad_norm": 2.28125, "peak_allocated": 48856863744}
{"step": 388, "epoch": 0, "loss": 0.24761553402558417, "lr": 1.94e-06, "grad_norm": 2.203125, "peak_allocated": 48856863744}
{"step": 389, "epoch": 0, "loss": 0.24454033953096607, "lr": 1.945e-06, "grad_norm": 2.328125, "peak_allocated": 48856863744}
{"step": 390, "epoch": 0, "loss": 0.2670936254365416, "lr": 1.9500000000000004e-06, "grad_norm": 2.453125, "peak_allocated": 48856863744}
{"step": 391, "epoch": 0, "loss": 0.22130096119417939, "lr": 1.9550000000000003e-06, "grad_norm": 1.953125, "peak_allocated": 48856863744}
{"step": 392, "epoch": 0, "loss": 0.18205554051143122, "lr": 1.9600000000000003e-06, "grad_norm": 1.75, "peak_allocated": 48856863744}
{"step": 393, "epoch": 0, "loss": 0.224708490196182, "lr": 1.9650000000000002e-06, "grad_norm": 1.640625, "peak_allocated": 48856863744}
{"step": 394, "epoch": 0, "loss": 0.24089565785707293, "lr": 1.97e-06, "grad_norm": 2.234375, "peak_allocated": 48856863744}
