Loading weights:   0%|          | 0/510 [00:00<?, ?it/s]Loading weights:   0%|          | 0/510 [00:00<?, ?it/s]Loading weights:   0%|          | 0/510 [00:00<?, ?it/s]Loading weights:   0%|          | 0/510 [00:00<?, ?it/s]Loading weights:   0%|          | 1/510 [00:00<01:07,  7.53it/s]Loading weights:   0%|          | 1/510 [00:00<01:07,  7.53it/s]Loading weights:   0%|          | 1/510 [00:00<01:07,  7.52it/s]Loading weights:   0%|          | 1/510 [00:00<01:07,  7.52it/s]Loading weights: 100%|██████████| 510/510 [00:00<00:00, 2520.57it/s]Loading weights: 100%|██████████| 510/510 [00:00<00:00, 2501.14it/s]Loading weights: 100%|██████████| 510/510 [00:00<00:00, 2476.05it/s]


Loading weights: 100%|██████████| 510/510 [00:00<00:00, 2369.83it/s]
W0928 00:00:50.253000 2031419 /scratch/r984a02/.conda/envs/phdq_blt_hf/lib/python3.11/site-packages/torch/distributed/elastic/multiprocessing/api.py:1012] Sending process 2033155 closing signal SIGTERM
W0928 00:00:50.255000 2031419 /scratch/r984a02/.conda/envs/phdq_blt_hf/lib/python3.11/site-packages/torch/distributed/elastic/multiprocessing/api.py:1012] Sending process 2033157 closing signal SIGTERM
W0928 00:00:50.255000 2031419 /scratch/r984a02/.conda/envs/phdq_blt_hf/lib/python3.11/site-packages/torch/distributed/elastic/multiprocessing/api.py:1012] Sending process 2033158 closing signal SIGTERM
E0928 00:00:51.170000 2031419 /scratch/r984a02/.conda/envs/phdq_blt_hf/lib/python3.11/site-packages/torch/distributed/elastic/multiprocessing/api.py:986] failed (exitcode: 75) local_rank: 1 (pid: 2033156) of binary: /home01/r984a02/.conda/envs/phdq_blt_hf/bin/python3.11
Traceback (most recent call last):
  File "/home01/r984a02/.conda/envs/phdq_blt_hf/bin/torchrun", line 6, in <module>
    sys.exit(main())
             ^^^^^^
  File "/home01/r984a02/.conda/envs/phdq_blt_hf/lib/python3.11/site-packages/torch/distributed/elastic/multiprocessing/errors/__init__.py", line 362, in wrapper
    return f(*args, **kwargs)
           ^^^^^^^^^^^^^^^^^^
  File "/home01/r984a02/.conda/envs/phdq_blt_hf/lib/python3.11/site-packages/torch/distributed/run.py", line 990, in main
    run(args)
  File "/home01/r984a02/.conda/envs/phdq_blt_hf/lib/python3.11/site-packages/torch/distributed/run.py", line 981, in run
    elastic_launch(
  File "/home01/r984a02/.conda/envs/phdq_blt_hf/lib/python3.11/site-packages/torch/distributed/launcher/api.py", line 170, in __call__
    return launch_agent(self._config, self._entrypoint, list(args))
           ^^^^^^^^^^^^^^^^^^^^^^^^^^^^^^^^^^^^^^^^^^^^^^^^^^^^^^^^
  File "/home01/r984a02/.conda/envs/phdq_blt_hf/lib/python3.11/site-packages/torch/distributed/launcher/api.py", line 317, in launch_agent
    raise ChildFailedError(
torch.distributed.elastic.multiprocessing.errors.ChildFailedError: 
============================================================
blt_hf.train FAILED
------------------------------------------------------------
Failures:
[1]:
  time      : 2026-09-28_00:00:51
  host      : gpu37.eth
  rank      : 0 (local_rank: 0)
  exitcode  : 75 (pid: 2033155)
  error_file: <N/A>
  traceback : To enable traceback see: https://pytorch.org/docs/stable/elastic/errors.html
[2]:
  time      : 2026-09-28_00:00:51
  host      : gpu37.eth
  rank      : 2 (local_rank: 2)
  exitcode  : 75 (pid: 2033157)
  error_file: <N/A>
  traceback : To enable traceback see: https://pytorch.org/docs/stable/elastic/errors.html
[3]:
  time      : 2026-09-28_00:00:51
  host      : gpu37.eth
  rank      : 3 (local_rank: 3)
  exitcode  : 75 (pid: 2033158)
  error_file: <N/A>
  traceback : To enable traceback see: https://pytorch.org/docs/stable/elastic/errors.html
------------------------------------------------------------
Root Cause (first observed failure):
[0]:
  time      : 2026-09-28_00:00:50
  host      : gpu37.eth
  rank      : 1 (local_rank: 1)
  exitcode  : 75 (pid: 2033156)
  error_file: <N/A>
  traceback : To enable traceback see: https://pytorch.org/docs/stable/elastic/errors.html
============================================================
srun: error: gpu37: task 0: Exited with exit code 1
