==========================================
SLURM_JOB_ID = 910205
SLURM_NODELIST = gpu39
==========================================
Job ID: 910205
Node: gpu39
Start Time: 2026-09-17T15:32:04+09:00
Submit Dir: /scratch/r984a02/phdq3
Partition: amd_a100nv_8
CUDA_VISIBLE_DEVICES: 0
CPUs per task: 4
{
  "schema_version": 1,
  "created_at": "2026-09-17T06:32:10.305508+00:00",
  "hostname": "gpu39",
  "platform": "Linux-5.14.0-427.13.1.el9_4.x86_64-x86_64-with-glibc2.34",
  "python": "3.11.16",
  "python_executable": "/home01/r984a02/.conda/envs/phdq_blt_hf/bin/python",
  "scope": "gpu_runtime",
  "torch": "2.11.0+cu128",
  "transformers": "5.16.1",
  "xformers": null,
  "safetensors": "0.8.0",
  "huggingface_hub": "1.31.0",
  "devices": [
    {
      "index": 0,
      "name": "NVIDIA A100-SXM4-80GB",
      "capability": [
        8,
        0
      ],
      "total_memory": 85094825984,
      "bf16_supported": true,
      "bf16_smoke": true
    }
  ],
  "errors": [],
  "nvidia_smi": [
    "NVIDIA A100-SXM4-80GB, 580.105.08, 81920 MiB"
  ],
  "cuda_runtime": "12.8",
  "blt_import": true,
  "cuda_available": true,
  "cuda_smoke": true,
  "loaded_libcudart": [
    "/scratch/r984a02/.conda/envs/phdq_blt_hf/lib/python3.11/site-packages/nvidia/cuda_runtime/lib/libcudart.so.12"
  ],
  "status": "pass"
}
{
  "schema_version": 1,
  "created_at": "2026-09-17T06:35:21.002884+00:00",
  "check": "raw_utf8_lengths_and_m2_source_alignment",
  "model_executed": false,
  "tokenizer_executed": false,
  "status": "pass",
  "max_allowed": 2048,
  "splits": {
    "native/train": {
      "rows": 12292,
      "blank_lines": 0,
      "tsv_sha256": "a1080e12f528212f25858b1c0093f497d9ffa62f5717848088c4010bad2ea871",
      "max_sequence_bytes": 398,
      "max_prompt_bytes": 207,
      "max_target_bytes": 190,
      "over_1024": 0,
      "over_limit": 0
    },
    "native/val": {
      "rows": 2634,
      "blank_lines": 0,
      "tsv_sha256": "002645a47593a88735fe7b13fdc7c9fe2e4c1a92191f90ec7fb95449758ecd98",
      "max_sequence_bytes": 401,
      "max_prompt_bytes": 209,
      "max_target_bytes": 191,
      "over_1024": 0,
      "over_limit": 0,
      "evaluation_identity": {
        "dataset": "native",
        "split": "val",
        "sample_count": 2634,
        "source_hash": "e63fe872699d99b0ccec7dc04e98fb9bfde1f6b6c7119d90a9070daec279a4c3",
        "target_hash": "4c13345e12a1b4cd8097edd3b3cbb05fb0e71cef3d3e9f21c237ef9536461feb",
        "m2_hash": "17558a819658a14031ed8d36032b2f33f2f0094f50da695e818c488037fabb8a",
        "tsv_hash": "002645a47593a88735fe7b13fdc7c9fe2e4c1a92191f90ec7fb95449758ecd98",
        "reader": "utf8-universal-newlines-two-columns-blank-lines-skipped-v1"
      }
    },
    "native/test": {
      "rows": 2634,
      "blank_lines": 0,
      "tsv_sha256": "6c2d6e1551fdd12dd51b764b0daa3de57befedca47c21ed07fb5538d7c33ccc8",
      "max_sequence_bytes": 399,
      "max_prompt_bytes": 208,
      "max_target_bytes": 190,
      "over_1024": 0,
      "over_limit": 0,
      "evaluation_identity": {
        "dataset": "native",
        "split": "test",
        "sample_count": 2634,
        "source_hash": "37ec4cb176690066bd411d4dee23001ee77a3cf7825f28b2555390db349ba1c7",
        "target_hash": "c1b96b70deb626920be67f05d1b371bd16b38ccc9abd941a3f98bd11776d3563",
        "m2_hash": "a4579825f6fc5e9ee7fbb1ae722cf260518b9305a07f5191ba423bc0f8b0a04c",
        "tsv_hash": "6c2d6e1551fdd12dd51b764b0daa3de57befedca47c21ed07fb5538d7c33ccc8",
        "reader": "utf8-universal-newlines-two-columns-blank-lines-skipped-v1"
      }
    },
    "korean_learner/train": {
      "rows": 19898,
      "blank_lines": 0,
      "tsv_sha256": "163ab6419d259f477b5ab3c913dca6068dd1beaace2f4858d5416ac41bbe1888",
      "max_sequence_bytes": 1380,
      "max_prompt_bytes": 694,
      "max_target_bytes": 685,
      "over_1024": 4,
      "over_limit": 0
    },
    "korean_learner/val": {
      "rows": 4264,
      "blank_lines": 0,
      "tsv_sha256": "c5b62d189af42807a6dd0679f2a43b5d07dfaae282aeef812724f90a19fc1e1b",
      "max_sequence_bytes": 845,
      "max_prompt_bytes": 430,
      "max_target_bytes": 414,
      "over_1024": 0,
      "over_limit": 0,
      "evaluation_identity": {
        "dataset": "korean_learner",
        "split": "val",
        "sample_count": 4264,
        "source_hash": "46384ab2684f369e36aa0fc787b0447796d3760ff7ebfcca2d8e973e93222a08",
        "target_hash": "25cbe312b4d391f7a32b75100f6c8c2daa0eb6cd9de241775062eef69b17ea14",
        "m2_hash": "26aa7b334b71ae3d6e0b06acd45cc81cc219d75ad1ff2b573f496b30284b839c",
        "tsv_hash": "c5b62d189af42807a6dd0679f2a43b5d07dfaae282aeef812724f90a19fc1e1b",
        "reader": "utf8-universal-newlines-two-columns-blank-lines-skipped-v1"
      }
    },
    "korean_learner/test": {
      "rows": 4265,
      "blank_lines": 0,
      "tsv_sha256": "cb49c2806cedd8b71d1b5dbbc31ef5c74f0aca3a6ab6dc92a94c9e5ffe52044d",
      "max_sequence_bytes": 633,
      "max_prompt_bytes": 324,
      "max_target_bytes": 320,
      "over_1024": 0,
      "over_limit": 0,
      "evaluation_identity": {
        "dataset": "korean_learner",
        "split": "test",
        "sample_count": 4265,
        "source_hash": "4438468750166634cce0e4b03e72f7b82f45e352e7de230e9492c5a9cc4bb1c5",
        "target_hash": "93878d24629be44430507a067a2ab645e2bf4fc65dc0cd0ba1177c2ff9640933",
        "m2_hash": "4be33bbc4adf618da33074b9a97525c4d24c08162b9df44db60e69424f51ec01",
        "tsv_hash": "cb49c2806cedd8b71d1b5dbbc31ef5c74f0aca3a6ab6dc92a94c9e5ffe52044d",
        "reader": "utf8-universal-newlines-two-columns-blank-lines-skipped-v1"
      }
    },
    "union/train": {
      "rows": 108882,
      "blank_lines": 1,
      "tsv_sha256": "90a55cac5d37cd3557f6f958b973b6f6a037872c87edade462ac05324843a54a",
      "max_sequence_bytes": 1380,
      "max_prompt_bytes": 694,
      "max_target_bytes": 685,
      "over_1024": 5,
      "over_limit": 0
    },
    "union/val": {
      "rows": 23332,
      "blank_lines": 1,
      "tsv_sha256": "22b90eee85aa2edd5557cd3009893dd1b1dcff22584b7f96e713878fcbeb5f8b",
      "max_sequence_bytes": 931,
      "max_prompt_bytes": 470,
      "max_target_bytes": 460,
      "over_1024": 0,
      "over_limit": 0,
      "evaluation_identity": {
        "dataset": "union",
        "split": "val",
        "sample_count": 23332,
        "source_hash": "a0063540f10386703cf635a5c77922af237d45357202cc5da5420f2c4ebb5a7b",
        "target_hash": "864380fdab4b860b906a6836f9bb6a61230c40f071332fc1abcae2c4fb990d45",
        "m2_hash": "22e1cdeed3702fe905b429c872f188b19b70c52e949c3eed1a8b4df5a90def20",
        "tsv_hash": "22b90eee85aa2edd5557cd3009893dd1b1dcff22584b7f96e713878fcbeb5f8b",
        "reader": "utf8-universal-newlines-two-columns-blank-lines-skipped-v1"
      }
    },
    "union/test": {
      "rows": 23333,
      "blank_lines": 1,
      "tsv_sha256": "65b1bd0039ae58c136ee44ebbb6876ee69a5353bb8c00046ec235e7e79592f28",
      "max_sequence_bytes": 886,
      "max_prompt_bytes": 451,
      "max_target_bytes": 434,
      "over_1024": 0,
      "over_limit": 0,
      "evaluation_identity": {
        "dataset": "union",
        "split": "test",
        "sample_count": 23333,
        "source_hash": "eb476f3f20ea1abdd1fbb42e0ca006672a744e353bcd836d470569d7ea9e2ea7",
        "target_hash": "fb2c7f1b332c75a69a4677a09a3f48134469cf40d9cf7f7cb4906696dbd0a176",
        "m2_hash": "e79ae3c01c211bb58c2a0213f6b9e39bed8d9e4eb2011d7e7ae22a33c1042db7",
        "tsv_hash": "65b1bd0039ae58c136ee44ebbb6876ee69a5353bb8c00046ec235e7e79592f28",
        "reader": "utf8-universal-newlines-two-columns-blank-lines-skipped-v1"
      }
    }
  },
  "total": {
    "rows": 201534,
    "max_sequence_bytes": 1380,
    "max_prompt_bytes": 694,
    "max_target_bytes": 685,
    "over_1024": 9,
    "over_limit": 0
  }
}
{"step": 1, "epoch": 0, "loss": 0.33154598479921166, "lr": 0.0001, "grad_norm": 7.03125, "peak_allocated": 36524436480}
{"step": 2, "epoch": 1, "loss": 0.6226282982934604, "lr": 9.999383162408304e-05, "grad_norm": 32.25, "peak_allocated": 48822630912}
{"step": 3, "epoch": 2, "loss": 0.04026113130152226, "lr": 9.997532801828658e-05, "grad_norm": 2.03125, "peak_allocated": 48822630912}
{"step": 4, "epoch": 3, "loss": 0.004579139002175494, "lr": 9.994449374809851e-05, "grad_norm": 0.62890625, "peak_allocated": 48822630912}
{"step": 5, "epoch": 4, "loss": 0.00036258805723098867, "lr": 9.990133642141359e-05, "grad_norm": 0.0283203125, "peak_allocated": 48822630912}
{"step": 6, "epoch": 5, "loss": 0.0003005804457511245, "lr": 9.98458666866564e-05, "grad_norm": 0.0283203125, "peak_allocated": 48822630912}
{"step": 7, "epoch": 6, "loss": 0.000257647147836079, "lr": 9.977809823015401e-05, "grad_norm": 0.026611328125, "peak_allocated": 48822630912}
{"step": 8, "epoch": 7, "loss": 0.000194665916708552, "lr": 9.9698047772759e-05, "grad_norm": 0.0174560546875, "peak_allocated": 48822630912}
{"step": 9, "epoch": 8, "loss": 0.00016132365351288834, "lr": 9.96057350657239e-05, "grad_norm": 0.01361083984375, "peak_allocated": 48822630912}
{"step": 10, "epoch": 9, "loss": 0.00012943856558360328, "lr": 9.950118288582788e-05, "grad_norm": 0.01153564453125, "peak_allocated": 48822630912}
{"step": 11, "epoch": 10, "loss": 9.62820217616602e-05, "lr": 9.938441702975689e-05, "grad_norm": 0.007537841796875, "peak_allocated": 48822630912}
{"step": 12, "epoch": 11, "loss": 7.056798293805597e-05, "lr": 9.92554663077387e-05, "grad_norm": 0.0047607421875, "peak_allocated": 48822630912}
{"step": 13, "epoch": 12, "loss": 5.403553802435371e-05, "lr": 9.911436253643445e-05, "grad_norm": 0.003326416015625, "peak_allocated": 48822630912}
{"step": 14, "epoch": 13, "loss": 4.335226897224361e-05, "lr": 9.896114053108829e-05, "grad_norm": 0.002838134765625, "peak_allocated": 48822630912}
{"step": 15, "epoch": 14, "loss": 3.679826504429167e-05, "lr": 9.879583809693738e-05, "grad_norm": 0.0028533935546875, "peak_allocated": 48822630912}
{"step": 16, "epoch": 15, "loss": 3.363387262983121e-05, "lr": 9.861849601988383e-05, "grad_norm": 0.00347900390625, "peak_allocated": 48822630912}
{"step": 17, "epoch": 16, "loss": 3.149002560266209e-05, "lr": 9.842915805643155e-05, "grad_norm": 0.004302978515625, "peak_allocated": 48822630912}
{"step": 18, "epoch": 17, "loss": 2.8273704506732017e-05, "lr": 9.822787092288991e-05, "grad_norm": 0.002655029296875, "peak_allocated": 48822630912}
{"step": 19, "epoch": 18, "loss": 2.6358791947131975e-05, "lr": 9.801468428384716e-05, "grad_norm": 0.00244140625, "peak_allocated": 48822630912}
{"step": 20, "epoch": 19, "loss": 2.47321863835995e-05, "lr": 9.778965073991651e-05, "grad_norm": 0.00164031982421875, "peak_allocated": 48822630912}
{"step": 21, "epoch": 20, "loss": 2.305048066112001e-05, "lr": 9.755282581475769e-05, "grad_norm": 0.00130462646484375, "peak_allocated": 48822630912}
{"step": 22, "epoch": 21, "loss": 2.201671009639871e-05, "lr": 9.730426794137727e-05, "grad_norm": 0.001190185546875, "peak_allocated": 48822630912}
{"step": 23, "epoch": 22, "loss": 2.109216391876213e-05, "lr": 9.704403844771128e-05, "grad_norm": 0.0012054443359375, "peak_allocated": 48822630912}
{"step": 24, "epoch": 23, "loss": 2.0226558223260906e-05, "lr": 9.677220154149337e-05, "grad_norm": 0.0012359619140625, "peak_allocated": 48822630912}
{"step": 25, "epoch": 24, "loss": 1.959889386687957e-05, "lr": 9.648882429441257e-05, "grad_norm": 0.001373291015625, "peak_allocated": 48822630912}
{"step": 26, "epoch": 25, "loss": 1.8969903616049456e-05, "lr": 9.619397662556435e-05, "grad_norm": 0.00165557861328125, "peak_allocated": 48822630912}
{"step": 27, "epoch": 26, "loss": 1.8506109693341635e-05, "lr": 9.588773128419906e-05, "grad_norm": 0.001617431640625, "peak_allocated": 48822630912}
{"step": 28, "epoch": 27, "loss": 1.7467202405069573e-05, "lr": 9.557016383177227e-05, "grad_norm": 0.0012054443359375, "peak_allocated": 48822630912}
{"step": 29, "epoch": 28, "loss": 1.702030292521654e-05, "lr": 9.524135262330098e-05, "grad_norm": 0.00128173828125, "peak_allocated": 48822630912}
{"step": 30, "epoch": 29, "loss": 1.6475021425735163e-05, "lr": 9.490137878803079e-05, "grad_norm": 0.001220703125, "peak_allocated": 48822630912}
{"step": 31, "epoch": 30, "loss": 1.6211039579833264e-05, "lr": 9.45503262094184e-05, "grad_norm": 0.0011138916015625, "peak_allocated": 48822630912}
{"step": 32, "epoch": 31, "loss": 1.526095343830424e-05, "lr": 9.418828150443469e-05, "grad_norm": 0.00075531005859375, "peak_allocated": 48822630912}
{"step": 33, "epoch": 32, "loss": 1.4985273578945039e-05, "lr": 9.381533400219318e-05, "grad_norm": 0.000732421875, "peak_allocated": 48822630912}
{"step": 34, "epoch": 33, "loss": 1.4393173931404651e-05, "lr": 9.343157572190957e-05, "grad_norm": 0.000640869140625, "peak_allocated": 48822630912}
{"step": 35, "epoch": 34, "loss": 1.41096864105996e-05, "lr": 9.30371013501972e-05, "grad_norm": 0.0006256103515625, "peak_allocated": 48822630912}
{"step": 36, "epoch": 35, "loss": 1.3892521201341878e-05, "lr": 9.263200821770461e-05, "grad_norm": 0.000644683837890625, "peak_allocated": 48822630912}
{"step": 37, "epoch": 36, "loss": 1.3439556512986945e-05, "lr": 9.221639627510076e-05, "grad_norm": 0.000583648681640625, "peak_allocated": 48822630912}
{"step": 38, "epoch": 37, "loss": 1.30516028498691e-05, "lr": 9.179036806841353e-05, "grad_norm": 0.0006866455078125, "peak_allocated": 48822630912}
{"step": 39, "epoch": 38, "loss": 1.283487766737711e-05, "lr": 9.135402871372808e-05, "grad_norm": 0.000644683837890625, "peak_allocated": 48822630912}
{"step": 40, "epoch": 39, "loss": 1.2630276102175808e-05, "lr": 9.090748587125118e-05, "grad_norm": 0.000667572021484375, "peak_allocated": 48822630912}
{"step": 41, "epoch": 40, "loss": 1.2313415873822206e-05, "lr": 9.045084971874738e-05, "grad_norm": 0.000652313232421875, "peak_allocated": 48822630912}
{"step": 42, "epoch": 41, "loss": 1.2189010925463994e-05, "lr": 8.998423292435454e-05, "grad_norm": 0.000637054443359375, "peak_allocated": 48822630912}
{"step": 43, "epoch": 42, "loss": 1.2056369050696959e-05, "lr": 8.950775061878453e-05, "grad_norm": 0.00063323974609375, "peak_allocated": 48822630912}
{"step": 44, "epoch": 43, "loss": 1.179109314927535e-05, "lr": 8.90215203669165e-05, "grad_norm": 0.000530242919921875, "peak_allocated": 48822630912}
{"step": 45, "epoch": 44, "loss": 1.1807565057427961e-05, "lr": 8.852566213878947e-05, "grad_norm": 0.00049591064453125, "peak_allocated": 48822630912}
{"step": 46, "epoch": 45, "loss": 1.15058714932688e-05, "lr": 8.802029828000156e-05, "grad_norm": 0.0004863739013671875, "peak_allocated": 48822630912}
{"step": 47, "epoch": 46, "loss": 1.124925932262241e-05, "lr": 8.750555348152298e-05, "grad_norm": 0.000438690185546875, "peak_allocated": 48822630912}
{"step": 48, "epoch": 47, "loss": 1.1273099679039495e-05, "lr": 8.69815547489305e-05, "grad_norm": 0.0004215240478515625, "peak_allocated": 48822630912}
{"step": 49, "epoch": 48, "loss": 1.1145226106402167e-05, "lr": 8.644843137107059e-05, "grad_norm": 0.000415802001953125, "peak_allocated": 48822630912}
{"step": 50, "epoch": 49, "loss": 1.0963168818059123e-05, "lr": 8.590631488815944e-05, "grad_norm": 0.0004138946533203125, "peak_allocated": 48822630912}
{"step": 51, "epoch": 50, "loss": 1.0739931620429904e-05, "lr": 8.535533905932738e-05, "grad_norm": 0.000385284423828125, "peak_allocated": 48822630912}
{"step": 52, "epoch": 51, "loss": 1.0838327196490188e-05, "lr": 8.479563982961571e-05, "grad_norm": 0.000392913818359375, "peak_allocated": 48822630912}
{"step": 53, "epoch": 52, "loss": 1.0567410248437557e-05, "lr": 8.422735529643444e-05, "grad_norm": 0.0003795623779296875, "peak_allocated": 48822630912}
{"step": 54, "epoch": 53, "loss": 1.0386220052499663e-05, "lr": 8.365062567548867e-05, "grad_norm": 0.0003643035888671875, "peak_allocated": 48822630912}
{"step": 55, "epoch": 54, "loss": 1.0459042836869644e-05, "lr": 8.306559326618259e-05, "grad_norm": 0.000370025634765625, "peak_allocated": 48822630912}
{"step": 56, "epoch": 55, "loss": 1.0241439505824185e-05, "lr": 8.247240241650918e-05, "grad_norm": 0.000354766845703125, "peak_allocated": 48822630912}
{"step": 57, "epoch": 56, "loss": 1.0160812532624484e-05, "lr": 8.18711994874345e-05, "grad_norm": 0.0003509521484375, "peak_allocated": 48822630912}
{"step": 58, "epoch": 57, "loss": 1.0042039562408304e-05, "lr": 8.126213281678528e-05, "grad_norm": 0.0003528594970703125, "peak_allocated": 48822630912}
{"step": 59, "epoch": 58, "loss": 9.973551383485425e-06, "lr": 8.064535268264883e-05, "grad_norm": 0.0003566741943359375, "peak_allocated": 48822630912}
{"step": 60, "epoch": 59, "loss": 9.850011268678248e-06, "lr": 8.002101126629421e-05, "grad_norm": 0.00034332275390625, "peak_allocated": 48822630912}
{"step": 61, "epoch": 60, "loss": 9.859115403246092e-06, "lr": 7.938926261462366e-05, "grad_norm": 0.0003452301025390625, "peak_allocated": 48822630912}
{"step": 62, "epoch": 61, "loss": 9.778056433292064e-06, "lr": 7.875026260216393e-05, "grad_norm": 0.0003376007080078125, "peak_allocated": 48822630912}
{"step": 63, "epoch": 62, "loss": 9.768518069573805e-06, "lr": 7.810416889260653e-05, "grad_norm": 0.0003376007080078125, "peak_allocated": 48822630912}
{"step": 64, "epoch": 63, "loss": 9.618970381614582e-06, "lr": 7.74511408999066e-05, "grad_norm": 0.00032806396484375, "peak_allocated": 48822630912}
{"step": 65, "epoch": 64, "loss": 9.550047176493204e-06, "lr": 7.679133974894983e-05, "grad_norm": 0.0003185272216796875, "peak_allocated": 48822630912}
{"step": 66, "epoch": 65, "loss": 9.441679721930996e-06, "lr": 7.612492823579745e-05, "grad_norm": 0.000324249267578125, "peak_allocated": 48822630912}
{"step": 67, "epoch": 66, "loss": 9.479389488908716e-06, "lr": 7.545207078751857e-05, "grad_norm": 0.0003204345703125, "peak_allocated": 48822630912}
{"step": 68, "epoch": 67, "loss": 9.379258441516537e-06, "lr": 7.477293342162039e-05, "grad_norm": 0.0003223419189453125, "peak_allocated": 48822630912}
{"step": 69, "epoch": 68, "loss": 9.204567107768857e-06, "lr": 7.408768370508576e-05, "grad_norm": 0.0003108978271484375, "peak_allocated": 48822630912}
{"step": 70, "epoch": 69, "loss": 9.219305380115243e-06, "lr": 7.339649071302867e-05, "grad_norm": 0.0003147125244140625, "peak_allocated": 48822630912}
{"step": 71, "epoch": 70, "loss": 9.16382029324516e-06, "lr": 7.269952498697734e-05, "grad_norm": 0.0003070831298828125, "peak_allocated": 48822630912}
{"step": 72, "epoch": 71, "loss": 9.082325093252372e-06, "lr": 7.199695849279576e-05, "grad_norm": 0.0002994537353515625, "peak_allocated": 48822630912}
{"step": 73, "epoch": 72, "loss": 8.944914719574048e-06, "lr": 7.128896457825364e-05, "grad_norm": 0.000301361083984375, "peak_allocated": 48822630912}
{"step": 74, "epoch": 73, "loss": 8.970057783285896e-06, "lr": 7.057571793025544e-05, "grad_norm": 0.0002956390380859375, "peak_allocated": 48822630912}
{"step": 75, "epoch": 74, "loss": 8.877294332540425e-06, "lr": 6.985739453173903e-05, "grad_norm": 0.0002899169921875, "peak_allocated": 48822630912}
{"step": 76, "epoch": 75, "loss": 8.853451269136383e-06, "lr": 6.91341716182545e-05, "grad_norm": 0.0002918243408203125, "peak_allocated": 48822630912}
{"step": 77, "epoch": 76, "loss": 8.739448173648931e-06, "lr": 6.840622763423391e-05, "grad_norm": 0.000286102294921875, "peak_allocated": 48822630912}
{"step": 78, "epoch": 77, "loss": 8.67052609795461e-06, "lr": 6.767374218896286e-05, "grad_norm": 0.0002803802490234375, "peak_allocated": 48822630912}
{"step": 79, "epoch": 78, "loss": 8.540482968700499e-06, "lr": 6.693689601226458e-05, "grad_norm": 0.000274658203125, "peak_allocated": 48822630912}
{"step": 80, "epoch": 79, "loss": 8.523144307136219e-06, "lr": 6.619587090990748e-05, "grad_norm": 0.00028228759765625, "peak_allocated": 48822630912}
{"step": 81, "epoch": 80, "loss": 8.383998911912468e-06, "lr": 6.545084971874738e-05, "grad_norm": 0.0002765655517578125, "peak_allocated": 48822630912}
{"step": 82, "epoch": 81, "loss": 8.273896055470686e-06, "lr": 6.47020162616152e-05, "grad_norm": 0.000263214111328125, "peak_allocated": 48822630912}
{"step": 83, "epoch": 82, "loss": 8.268692770136775e-06, "lr": 6.394955530196147e-05, "grad_norm": 0.0002651214599609375, "peak_allocated": 48822630912}
{"step": 84, "epoch": 83, "loss": 8.208873835180632e-06, "lr": 6.319365249826865e-05, "grad_norm": 0.000263214111328125, "peak_allocated": 48822630912}
{"step": 85, "epoch": 84, "loss": 8.188932217969771e-06, "lr": 6.243449435824276e-05, "grad_norm": 0.0002613067626953125, "peak_allocated": 48822630912}
{"step": 86, "epoch": 85, "loss": 8.091834748814687e-06, "lr": 6.167226819279528e-05, "grad_norm": 0.000263214111328125, "peak_allocated": 48822630912}
{"step": 87, "epoch": 86, "loss": 7.986499076650943e-06, "lr": 6.090716206982714e-05, "grad_norm": 0.0002574920654296875, "peak_allocated": 48822630912}
{"step": 88, "epoch": 87, "loss": 7.985631656827701e-06, "lr": 6.0139364767825626e-05, "grad_norm": 0.0002574920654296875, "peak_allocated": 48822630912}
{"step": 89, "epoch": 88, "loss": 7.911073700432263e-06, "lr": 5.9369065729286245e-05, "grad_norm": 0.0002536773681640625, "peak_allocated": 48822630912}
{"step": 90, "epoch": 89, "loss": 7.820476224548077e-06, "lr": 5.859645501397048e-05, "grad_norm": 0.00025177001953125, "peak_allocated": 48822630912}
{"step": 91, "epoch": 90, "loss": 7.765858309457227e-06, "lr": 5.782172325201155e-05, "grad_norm": 0.000247955322265625, "peak_allocated": 48822630912}
{"step": 92, "epoch": 91, "loss": 7.70820644737052e-06, "lr": 5.7045061596879134e-05, "grad_norm": 0.00024127960205078125, "peak_allocated": 48822630912}
{"step": 93, "epoch": 92, "loss": 7.700836434775159e-06, "lr": 5.6266661678215216e-05, "grad_norm": 0.0002422332763671875, "peak_allocated": 48822630912}
{"step": 94, "epoch": 93, "loss": 7.588132747597146e-06, "lr": 5.548671555455226e-05, "grad_norm": 0.00023555755615234375, "peak_allocated": 48822630912}
{"step": 95, "epoch": 94, "loss": 7.5317797630056955e-06, "lr": 5.470541566592573e-05, "grad_norm": 0.00024127960205078125, "peak_allocated": 48822630912}
{"step": 96, "epoch": 95, "loss": 7.540015812992351e-06, "lr": 5.392295478639225e-05, "grad_norm": 0.0002384185791015625, "peak_allocated": 48822630912}
{"step": 97, "epoch": 96, "loss": 7.458955080272228e-06, "lr": 5.313952597646568e-05, "grad_norm": 0.000232696533203125, "peak_allocated": 48822630912}
{"step": 98, "epoch": 97, "loss": 7.3666248979200395e-06, "lr": 5.235532253548213e-05, "grad_norm": 0.00022983551025390625, "peak_allocated": 48822630912}
{"step": 99, "epoch": 98, "loss": 7.369658479464388e-06, "lr": 5.157053795390642e-05, "grad_norm": 0.00023365020751953125, "peak_allocated": 48822630912}
{"step": 100, "epoch": 99, "loss": 7.252186473620399e-06, "lr": 5.078536586559104e-05, "grad_norm": 0.0002231597900390625, "peak_allocated": 48822630912}
{"step": 101, "epoch": 100, "loss": 7.25435232445968e-06, "lr": 5e-05, "grad_norm": 0.0002269744873046875, "peak_allocated": 48822630912}
{"step": 102, "epoch": 101, "loss": 7.212739277416735e-06, "lr": 4.921463413440898e-05, "grad_norm": 0.0002231597900390625, "peak_allocated": 48822630912}
{"step": 103, "epoch": 102, "loss": 7.139481283295688e-06, "lr": 4.8429462046093585e-05, "grad_norm": 0.00022125244140625, "peak_allocated": 48822630912}
{"step": 104, "epoch": 103, "loss": 7.087030538638249e-06, "lr": 4.7644677464517874e-05, "grad_norm": 0.0002193450927734375, "peak_allocated": 48822630912}
{"step": 105, "epoch": 104, "loss": 7.010304320415757e-06, "lr": 4.6860474023534335e-05, "grad_norm": 0.000213623046875, "peak_allocated": 48822630912}
{"step": 106, "epoch": 105, "loss": 7.007703858438286e-06, "lr": 4.607704521360776e-05, "grad_norm": 0.00021457672119140625, "peak_allocated": 48822630912}
{"step": 107, "epoch": 106, "loss": 6.9890637711399575e-06, "lr": 4.529458433407429e-05, "grad_norm": 0.0002155303955078125, "peak_allocated": 48822630912}
{"step": 108, "epoch": 107, "loss": 6.940080185648351e-06, "lr": 4.451328444544774e-05, "grad_norm": 0.000213623046875, "peak_allocated": 48822630912}
{"step": 109, "epoch": 108, "loss": 6.842548097086943e-06, "lr": 4.373333832178478e-05, "grad_norm": 0.00020885467529296875, "peak_allocated": 48822630912}
{"step": 110, "epoch": 109, "loss": 6.802234228499318e-06, "lr": 4.295493840312087e-05, "grad_norm": 0.000209808349609375, "peak_allocated": 48822630912}
{"step": 111, "epoch": 110, "loss": 6.765388807252748e-06, "lr": 4.2178276747988446e-05, "grad_norm": 0.00020503997802734375, "peak_allocated": 48822630912}
{"step": 112, "epoch": 111, "loss": 6.764087017720819e-06, "lr": 4.140354498602952e-05, "grad_norm": 0.00020599365234375, "peak_allocated": 48822630912}
{"step": 113, "epoch": 112, "loss": 6.694298479653133e-06, "lr": 4.063093427071376e-05, "grad_norm": 0.00020313262939453125, "peak_allocated": 48822630912}
{"step": 114, "epoch": 113, "loss": 6.598499463011236e-06, "lr": 3.986063523217439e-05, "grad_norm": 0.0001983642578125, "peak_allocated": 48822630912}
{"step": 115, "epoch": 114, "loss": 6.556885306384753e-06, "lr": 3.9092837930172884e-05, "grad_norm": 0.00019931793212890625, "peak_allocated": 48822630912}
{"step": 116, "epoch": 115, "loss": 6.500966082967352e-06, "lr": 3.832773180720475e-05, "grad_norm": 0.000194549560546875, "peak_allocated": 48822630912}
{"step": 117, "epoch": 116, "loss": 6.4957651375152635e-06, "lr": 3.756550564175727e-05, "grad_norm": 0.00019931793212890625, "peak_allocated": 48822630912}
{"step": 118, "epoch": 117, "loss": 6.4277077217411715e-06, "lr": 3.680634750173137e-05, "grad_norm": 0.000194549560546875, "peak_allocated": 48822630912}
{"step": 119, "epoch": 118, "loss": 6.438545220920456e-06, "lr": 3.605044469803854e-05, "grad_norm": 0.000194549560546875, "peak_allocated": 48822630912}
{"step": 120, "epoch": 119, "loss": 6.324538781799757e-06, "lr": 3.529798373838481e-05, "grad_norm": 0.0001888275146484375, "peak_allocated": 48822630912}
{"step": 121, "epoch": 120, "loss": 6.30416643120539e-06, "lr": 3.4549150281252636e-05, "grad_norm": 0.00018978118896484375, "peak_allocated": 48822630912}
{"step": 122, "epoch": 121, "loss": 6.322805051736809e-06, "lr": 3.380412909009254e-05, "grad_norm": 0.00019073486328125, "peak_allocated": 48822630912}
{"step": 123, "epoch": 122, "loss": 6.255616223246431e-06, "lr": 3.3063103987735433e-05, "grad_norm": 0.000186920166015625, "peak_allocated": 48822630912}
{"step": 124, "epoch": 123, "loss": 6.2066334728363225e-06, "lr": 3.2326257811037155e-05, "grad_norm": 0.0001850128173828125, "peak_allocated": 48822630912}
{"step": 125, "epoch": 124, "loss": 6.1966623847679745e-06, "lr": 3.1593772365766105e-05, "grad_norm": 0.00018596649169921875, "peak_allocated": 48822630912}
{"step": 126, "epoch": 125, "loss": 6.178457069009627e-06, "lr": 3.086582838174551e-05, "grad_norm": 0.0001888275146484375, "peak_allocated": 48822630912}
{"step": 127, "epoch": 126, "loss": 6.128173269892366e-06, "lr": 3.0142605468260978e-05, "grad_norm": 0.0001811981201171875, "peak_allocated": 48822630912}
{"step": 128, "epoch": 127, "loss": 6.129472641822014e-06, "lr": 2.9424282069744564e-05, "grad_norm": 0.0001850128173828125, "peak_allocated": 48822630912}
{"step": 129, "epoch": 128, "loss": 6.113434152542719e-06, "lr": 2.8711035421746367e-05, "grad_norm": 0.00018215179443359375, "peak_allocated": 48822630912}
{"step": 130, "epoch": 129, "loss": 6.030205950082745e-06, "lr": 2.8003041507204242e-05, "grad_norm": 0.00018024444580078125, "peak_allocated": 48822630912}
{"step": 131, "epoch": 130, "loss": 6.00853216879345e-06, "lr": 2.7300475013022663e-05, "grad_norm": 0.0001811981201171875, "peak_allocated": 48822630912}
{"step": 132, "epoch": 131, "loss": 5.9768883031872315e-06, "lr": 2.660350928697134e-05, "grad_norm": 0.00017833709716796875, "peak_allocated": 48822630912}
{"step": 133, "epoch": 132, "loss": 5.959982858753805e-06, "lr": 2.591231629491423e-05, "grad_norm": 0.00017833709716796875, "peak_allocated": 48822630912}
{"step": 134, "epoch": 133, "loss": 5.935707575355826e-06, "lr": 2.522706657837962e-05, "grad_norm": 0.00017833709716796875, "peak_allocated": 48822630912}
{"step": 135, "epoch": 134, "loss": 5.902330546880628e-06, "lr": 2.4547929212481435e-05, "grad_norm": 0.00017642974853515625, "peak_allocated": 48822630912}
{"step": 136, "epoch": 135, "loss": 5.882823267959545e-06, "lr": 2.3875071764202563e-05, "grad_norm": 0.00017452239990234375, "peak_allocated": 48822630912}
{"step": 137, "epoch": 136, "loss": 5.814333111299096e-06, "lr": 2.3208660251050158e-05, "grad_norm": 0.00017261505126953125, "peak_allocated": 48822630912}
{"step": 138, "epoch": 137, "loss": 5.836007296073314e-06, "lr": 2.2548859100093407e-05, "grad_norm": 0.000171661376953125, "peak_allocated": 48822630912}
{"step": 139, "epoch": 138, "loss": 5.77315209573664e-06, "lr": 2.1895831107393484e-05, "grad_norm": 0.000171661376953125, "peak_allocated": 48822630912}
{"step": 140, "epoch": 139, "loss": 5.722868769556623e-06, "lr": 2.124973739783609e-05, "grad_norm": 0.0001678466796875, "peak_allocated": 48822630912}
{"step": 141, "epoch": 140, "loss": 5.74324250589019e-06, "lr": 2.061073738537635e-05, "grad_norm": 0.0001735687255859375, "peak_allocated": 48822630912}
{"step": 142, "epoch": 141, "loss": 5.724602615373442e-06, "lr": 1.9978988733705807e-05, "grad_norm": 0.0001697540283203125, "peak_allocated": 48822630912}
{"step": 143, "epoch": 142, "loss": 5.707263712379658e-06, "lr": 1.9354647317351188e-05, "grad_norm": 0.0001678466796875, "peak_allocated": 48822630912}
{"step": 144, "epoch": 143, "loss": 5.713331694013587e-06, "lr": 1.8737867183214757e-05, "grad_norm": 0.00016880035400390625, "peak_allocated": 48822630912}
{"step": 145, "epoch": 144, "loss": 5.660446738395628e-06, "lr": 1.8128800512565513e-05, "grad_norm": 0.00016880035400390625, "peak_allocated": 48822630912}
{"step": 146, "epoch": 145, "loss": 5.638773016636895e-06, "lr": 1.7527597583490822e-05, "grad_norm": 0.0001659393310546875, "peak_allocated": 48822630912}
{"step": 147, "epoch": 146, "loss": 5.62620172290322e-06, "lr": 1.6934406733817414e-05, "grad_norm": 0.0001659393310546875, "peak_allocated": 48822630912}
{"step": 148, "epoch": 147, "loss": 5.591957173733549e-06, "lr": 1.6349374324511345e-05, "grad_norm": 0.00016498565673828125, "peak_allocated": 48822630912}
{"step": 149, "epoch": 148, "loss": 5.595858638116624e-06, "lr": 1.5772644703565565e-05, "grad_norm": 0.0001659393310546875, "peak_allocated": 48822630912}
{"step": 150, "epoch": 149, "loss": 5.556845725633056e-06, "lr": 1.5204360170384286e-05, "grad_norm": 0.00016307830810546875, "peak_allocated": 48822630912}
{"step": 151, "epoch": 150, "loss": 5.620133051706943e-06, "lr": 1.4644660940672627e-05, "grad_norm": 0.00016498565673828125, "peak_allocated": 48822630912}
{"step": 152, "epoch": 151, "loss": 5.4974591264247214e-06, "lr": 1.4093685111840566e-05, "grad_norm": 0.00015926361083984375, "peak_allocated": 48822630912}
{"step": 153, "epoch": 152, "loss": 5.5178324939995285e-06, "lr": 1.3551568628929434e-05, "grad_norm": 0.00016117095947265625, "peak_allocated": 48822630912}
{"step": 154, "epoch": 153, "loss": 5.5013596217825334e-06, "lr": 1.301844525106951e-05, "grad_norm": 0.00016021728515625, "peak_allocated": 48822630912}
{"step": 155, "epoch": 154, "loss": 5.520866355006795e-06, "lr": 1.2494446518477022e-05, "grad_norm": 0.00016117095947265625, "peak_allocated": 48822630912}
{"step": 156, "epoch": 155, "loss": 5.4740509437000256e-06, "lr": 1.1979701719998453e-05, "grad_norm": 0.00015926361083984375, "peak_allocated": 48822630912}
{"step": 157, "epoch": 156, "loss": 5.486621883557581e-06, "lr": 1.1474337861210543e-05, "grad_norm": 0.00016021728515625, "peak_allocated": 48822630912}
{"step": 158, "epoch": 157, "loss": 5.439372398541309e-06, "lr": 1.097847963308351e-05, "grad_norm": 0.000156402587890625, "peak_allocated": 48822630912}
{"step": 159, "epoch": 158, "loss": 5.4385047323276835e-06, "lr": 1.049224938121548e-05, "grad_norm": 0.00015926361083984375, "peak_allocated": 48822630912}
{"step": 160, "epoch": 159, "loss": 5.497023943131683e-06, "lr": 1.0015767075645471e-05, "grad_norm": 0.00016021728515625, "peak_allocated": 48822630912}
{"step": 161, "epoch": 160, "loss": 5.4302682127110365e-06, "lr": 9.549150281252633e-06, "grad_norm": 0.00015735626220703125, "peak_allocated": 48822630912}
{"step": 162, "epoch": 161, "loss": 5.419432081081058e-06, "lr": 9.09251412874882e-06, "grad_norm": 0.00015926361083984375, "peak_allocated": 48822630912}
{"step": 163, "epoch": 162, "loss": 5.442407147546129e-06, "lr": 8.645971286271904e-06, "grad_norm": 0.00016117095947265625, "peak_allocated": 48822630912}
{"step": 164, "epoch": 163, "loss": 5.359178154652578e-06, "lr": 8.209631931586498e-06, "grad_norm": 0.00015544891357421875, "peak_allocated": 48822630912}
{"step": 165, "epoch": 164, "loss": 5.397757721022406e-06, "lr": 7.783603724899257e-06, "grad_norm": 0.0001583099365234375, "peak_allocated": 48822630912}
{"step": 166, "epoch": 165, "loss": 5.413796567485075e-06, "lr": 7.367991782295391e-06, "grad_norm": 0.000156402587890625, "peak_allocated": 48822630912}
{"step": 167, "epoch": 166, "loss": 5.430268399570857e-06, "lr": 6.962898649802823e-06, "grad_norm": 0.00015735626220703125, "peak_allocated": 48822630912}
{"step": 168, "epoch": 167, "loss": 5.339238516832914e-06, "lr": 6.568424278090446e-06, "grad_norm": 0.0001544952392578125, "peak_allocated": 48822630912}
{"step": 169, "epoch": 168, "loss": 5.343572965185476e-06, "lr": 6.184665997806832e-06, "grad_norm": 0.00015544891357421875, "peak_allocated": 48822630912}
{"step": 170, "epoch": 169, "loss": 5.353542811380149e-06, "lr": 5.811718495565327e-06, "grad_norm": 0.000156402587890625, "peak_allocated": 48822630912}
{"step": 171, "epoch": 170, "loss": 5.334036412188487e-06, "lr": 5.449673790581611e-06, "grad_norm": 0.00015544891357421875, "peak_allocated": 48822630912}
{"step": 172, "epoch": 171, "loss": 5.316263893539805e-06, "lr": 5.098621211969223e-06, "grad_norm": 0.000152587890625, "peak_allocated": 48822630912}
{"step": 173, "epoch": 172, "loss": 5.363946284805107e-06, "lr": 4.758647376699032e-06, "grad_norm": 0.000156402587890625, "peak_allocated": 48822630912}
{"step": 174, "epoch": 173, "loss": 5.347474158373767e-06, "lr": 4.429836168227735e-06, "grad_norm": 0.000156402587890625, "peak_allocated": 48822630912}
{"step": 175, "epoch": 174, "loss": 5.349641370147847e-06, "lr": 4.112268715800943e-06, "grad_norm": 0.00015544891357421875, "peak_allocated": 48822630912}
{"step": 176, "epoch": 175, "loss": 5.397323809368324e-06, "lr": 3.8060233744356633e-06, "grad_norm": 0.00015926361083984375, "peak_allocated": 48822630912}
{"step": 177, "epoch": 176, "loss": 5.344873415279752e-06, "lr": 3.511175705587433e-06, "grad_norm": 0.000156402587890625, "peak_allocated": 48822630912}
{"step": 178, "epoch": 177, "loss": 5.262945628187894e-06, "lr": 3.2277984585066366e-06, "grad_norm": 0.00015163421630859375, "peak_allocated": 48822630912}
{"step": 179, "epoch": 178, "loss": 5.298490622490962e-06, "lr": 2.9559615522887273e-06, "grad_norm": 0.00015354156494140625, "peak_allocated": 48822630912}
{"step": 180, "epoch": 179, "loss": 5.331001845082607e-06, "lr": 2.695732058622735e-06, "grad_norm": 0.000152587890625, "peak_allocated": 48822630912}
{"step": 181, "epoch": 180, "loss": 5.33967114692628e-06, "lr": 2.4471741852423237e-06, "grad_norm": 0.00015735626220703125, "peak_allocated": 48822630912}
{"step": 182, "epoch": 181, "loss": 5.30889433899905e-06, "lr": 2.210349260083494e-06, "grad_norm": 0.00015354156494140625, "peak_allocated": 48822630912}
{"step": 183, "epoch": 182, "loss": 5.321898110692432e-06, "lr": 1.985315716152847e-06, "grad_norm": 0.0001544952392578125, "peak_allocated": 48822630912}
{"step": 184, "epoch": 183, "loss": 5.368280860486927e-06, "lr": 1.7721290771100961e-06, "grad_norm": 0.00015735626220703125, "peak_allocated": 48822630912}
{"step": 185, "epoch": 184, "loss": 5.356143650384514e-06, "lr": 1.5708419435684462e-06, "grad_norm": 0.00015735626220703125, "peak_allocated": 48822630912}
{"step": 186, "epoch": 185, "loss": 5.311061221701411e-06, "lr": 1.3815039801161721e-06, "grad_norm": 0.00015544891357421875, "peak_allocated": 48822630912}
{"step": 187, "epoch": 186, "loss": 5.3067265021540644e-06, "lr": 1.2041619030626284e-06, "grad_norm": 0.0001544952392578125, "peak_allocated": 48822630912}
{"step": 188, "epoch": 187, "loss": 5.303692586577116e-06, "lr": 1.0388594689117071e-06, "grad_norm": 0.00015544891357421875, "peak_allocated": 48822630912}
{"step": 189, "epoch": 188, "loss": 5.331001821931833e-06, "lr": 8.856374635655695e-07, "grad_norm": 0.00015735626220703125, "peak_allocated": 48822630912}
{"step": 190, "epoch": 189, "loss": 5.2885204935261175e-06, "lr": 7.445336922613067e-07, "grad_norm": 0.000152587890625, "peak_allocated": 48822630912}
{"step": 191, "epoch": 190, "loss": 5.33100193437845e-06, "lr": 6.15582970243117e-07, "grad_norm": 0.00015544891357421875, "peak_allocated": 48822630912}
{"step": 192, "epoch": 191, "loss": 5.28722020052638e-06, "lr": 4.988171141721232e-07, "grad_norm": 0.00015544891357421875, "peak_allocated": 48822630912}
{"step": 193, "epoch": 192, "loss": 5.35354284114543e-06, "lr": 3.9426493427611177e-07, "grad_norm": 0.000156402587890625, "peak_allocated": 48822630912}
{"step": 194, "epoch": 193, "loss": 5.312795459427765e-06, "lr": 3.019522272410202e-07, "grad_norm": 0.0001544952392578125, "peak_allocated": 48822630912}
{"step": 195, "epoch": 194, "loss": 5.3175638409315565e-06, "lr": 2.219017698460002e-07, "grad_norm": 0.00015544891357421875, "peak_allocated": 48822630912}
{"step": 196, "epoch": 195, "loss": 5.37088112899007e-06, "lr": 1.5413331334360182e-07, "grad_norm": 0.00015735626220703125, "peak_allocated": 48822630912}
{"step": 197, "epoch": 196, "loss": 5.314096102996369e-06, "lr": 9.866357858642205e-08, "grad_norm": 0.00015544891357421875, "peak_allocated": 48822630912}
{"step": 198, "epoch": 197, "loss": 5.369147341050186e-06, "lr": 5.550625190150483e-08, "grad_norm": 0.00015735626220703125, "peak_allocated": 48822630912}
{"step": 199, "epoch": 198, "loss": 5.369147496491099e-06, "lr": 2.467198171342e-08, "grad_norm": 0.00015735626220703125, "peak_allocated": 48822630912}
{"step": 200, "epoch": 199, "loss": 5.3604778589612e-06, "lr": 6.1683759169706146e-09, "grad_norm": 0.00015735626220703125, "peak_allocated": 48822630912}
