Loading weights:   0%|          | 0/510 [00:00<?, ?it/s]Loading weights:   0%|          | 0/510 [00:00<?, ?it/s]Loading weights:   0%|          | 0/510 [00:00<?, ?it/s]Loading weights:   0%|          | 0/510 [00:00<?, ?it/s]Loading weights:   0%|          | 1/510 [00:00<01:25,  5.99it/s]Loading weights:   0%|          | 1/510 [00:00<01:25,  5.98it/s]Loading weights:   0%|          | 1/510 [00:00<01:25,  5.98it/s]Loading weights:   0%|          | 1/510 [00:00<01:25,  5.98it/s]Loading weights: 100%|██████████| 510/510 [00:00<00:00, 2430.94it/s]
Loading weights: 100%|██████████| 510/510 [00:00<00:00, 2424.52it/s]Loading weights: 100%|██████████| 510/510 [00:00<00:00, 2420.98it/s]

Loading weights: 100%|██████████| 510/510 [00:00<00:00, 2412.06it/s]
W0918 09:42:55.517000 3431093 /scratch/r984a02/.conda/envs/phdq_blt_hf/lib/python3.11/site-packages/torch/distributed/elastic/multiprocessing/api.py:1012] Sending process 3431161 closing signal SIGTERM
W0918 09:42:55.519000 3431093 /scratch/r984a02/.conda/envs/phdq_blt_hf/lib/python3.11/site-packages/torch/distributed/elastic/multiprocessing/api.py:1012] Sending process 3431163 closing signal SIGTERM
W0918 09:42:55.519000 3431093 /scratch/r984a02/.conda/envs/phdq_blt_hf/lib/python3.11/site-packages/torch/distributed/elastic/multiprocessing/api.py:1012] Sending process 3431164 closing signal SIGTERM
E0918 09:42:56.184000 3431093 /scratch/r984a02/.conda/envs/phdq_blt_hf/lib/python3.11/site-packages/torch/distributed/elastic/multiprocessing/api.py:986] failed (exitcode: 75) local_rank: 1 (pid: 3431162) of binary: /home01/r984a02/.conda/envs/phdq_blt_hf/bin/python3.11
Traceback (most recent call last):
  File "/home01/r984a02/.conda/envs/phdq_blt_hf/bin/torchrun", line 6, in <module>
    sys.exit(main())
             ^^^^^^
  File "/home01/r984a02/.conda/envs/phdq_blt_hf/lib/python3.11/site-packages/torch/distributed/elastic/multiprocessing/errors/__init__.py", line 362, in wrapper
    return f(*args, **kwargs)
           ^^^^^^^^^^^^^^^^^^
  File "/home01/r984a02/.conda/envs/phdq_blt_hf/lib/python3.11/site-packages/torch/distributed/run.py", line 990, in main
    run(args)
  File "/home01/r984a02/.conda/envs/phdq_blt_hf/lib/python3.11/site-packages/torch/distributed/run.py", line 981, in run
    elastic_launch(
  File "/home01/r984a02/.conda/envs/phdq_blt_hf/lib/python3.11/site-packages/torch/distributed/launcher/api.py", line 170, in __call__
    return launch_agent(self._config, self._entrypoint, list(args))
           ^^^^^^^^^^^^^^^^^^^^^^^^^^^^^^^^^^^^^^^^^^^^^^^^^^^^^^^^
  File "/home01/r984a02/.conda/envs/phdq_blt_hf/lib/python3.11/site-packages/torch/distributed/launcher/api.py", line 317, in launch_agent
    raise ChildFailedError(
torch.distributed.elastic.multiprocessing.errors.ChildFailedError: 
============================================================
blt_hf.train FAILED
------------------------------------------------------------
Failures:
[1]:
  time      : 2026-09-18_09:42:56
  host      : gpu54.eth
  rank      : 0 (local_rank: 0)
  exitcode  : 75 (pid: 3431161)
  error_file: <N/A>
  traceback : To enable traceback see: https://pytorch.org/docs/stable/elastic/errors.html
[2]:
  time      : 2026-09-18_09:42:56
  host      : gpu54.eth
  rank      : 2 (local_rank: 2)
  exitcode  : 75 (pid: 3431163)
  error_file: <N/A>
  traceback : To enable traceback see: https://pytorch.org/docs/stable/elastic/errors.html
[3]:
  time      : 2026-09-18_09:42:56
  host      : gpu54.eth
  rank      : 3 (local_rank: 3)
  exitcode  : 75 (pid: 3431164)
  error_file: <N/A>
  traceback : To enable traceback see: https://pytorch.org/docs/stable/elastic/errors.html
------------------------------------------------------------
Root Cause (first observed failure):
[0]:
  time      : 2026-09-18_09:42:55
  host      : gpu54.eth
  rank      : 1 (local_rank: 1)
  exitcode  : 75 (pid: 3431162)
  error_file: <N/A>
  traceback : To enable traceback see: https://pytorch.org/docs/stable/elastic/errors.html
============================================================
srun: error: gpu54: task 0: Exited with exit code 1
