==========================================
SLURM_JOB_ID = 914279
SLURM_NODELIST = cpu04
==========================================
Job ID: 914279
Node: cpu04
Start Time: 2026-09-23T15:30:54+09:00
Submit Dir: /scratch/r984a02/phdq3
Partition: cpu
CUDA_VISIBLE_DEVICES: none
CPUs per task: 8
{
  "schema_version": 1,
  "created_at": "2026-09-23T06:41:42.000615+00:00",
  "hostname": "cpu04",
  "platform": "Linux-5.14.0-427.13.1.el9_4.x86_64-x86_64-with-glibc2.34",
  "python": "3.11.16",
  "python_executable": "/home01/r984a02/.conda/envs/phdq_blt_hf/bin/python",
  "scope": "cpu_metadata_only",
  "torch": "2.11.0+cu128",
  "transformers": "5.16.1",
  "xformers": null,
  "safetensors": "0.8.0",
  "huggingface_hub": "1.31.0",
  "devices": [],
  "errors": [],
  "status": "informational"
}
{
  "schema_version": 1,
  "created_at": "2026-09-23T06:42:42.265999+00:00",
  "check": "raw_utf8_lengths_and_m2_source_alignment",
  "model_executed": false,
  "tokenizer_executed": false,
  "status": "pass",
  "max_allowed": 2048,
  "splits": {
    "native/train": {
      "rows": 12292,
      "blank_lines": 0,
      "tsv_sha256": "a1080e12f528212f25858b1c0093f497d9ffa62f5717848088c4010bad2ea871",
      "max_sequence_bytes": 398,
      "max_prompt_bytes": 207,
      "max_target_bytes": 190,
      "over_1024": 0,
      "over_limit": 0
    },
    "native/val": {
      "rows": 2634,
      "blank_lines": 0,
      "tsv_sha256": "002645a47593a88735fe7b13fdc7c9fe2e4c1a92191f90ec7fb95449758ecd98",
      "max_sequence_bytes": 401,
      "max_prompt_bytes": 209,
      "max_target_bytes": 191,
      "over_1024": 0,
      "over_limit": 0,
      "evaluation_identity": {
        "dataset": "native",
        "split": "val",
        "sample_count": 2634,
        "source_hash": "e63fe872699d99b0ccec7dc04e98fb9bfde1f6b6c7119d90a9070daec279a4c3",
        "target_hash": "4c13345e12a1b4cd8097edd3b3cbb05fb0e71cef3d3e9f21c237ef9536461feb",
        "m2_hash": "17558a819658a14031ed8d36032b2f33f2f0094f50da695e818c488037fabb8a",
        "tsv_hash": "002645a47593a88735fe7b13fdc7c9fe2e4c1a92191f90ec7fb95449758ecd98",
        "reader": "utf8-universal-newlines-two-columns-blank-lines-skipped-v1"
      }
    },
    "native/test": {
      "rows": 2634,
      "blank_lines": 0,
      "tsv_sha256": "6c2d6e1551fdd12dd51b764b0daa3de57befedca47c21ed07fb5538d7c33ccc8",
      "max_sequence_bytes": 399,
      "max_prompt_bytes": 208,
      "max_target_bytes": 190,
      "over_1024": 0,
      "over_limit": 0,
      "evaluation_identity": {
        "dataset": "native",
        "split": "test",
        "sample_count": 2634,
        "source_hash": "37ec4cb176690066bd411d4dee23001ee77a3cf7825f28b2555390db349ba1c7",
        "target_hash": "c1b96b70deb626920be67f05d1b371bd16b38ccc9abd941a3f98bd11776d3563",
        "m2_hash": "a4579825f6fc5e9ee7fbb1ae722cf260518b9305a07f5191ba423bc0f8b0a04c",
        "tsv_hash": "6c2d6e1551fdd12dd51b764b0daa3de57befedca47c21ed07fb5538d7c33ccc8",
        "reader": "utf8-universal-newlines-two-columns-blank-lines-skipped-v1"
      }
    },
    "korean_learner/train": {
      "rows": 19898,
      "blank_lines": 0,
      "tsv_sha256": "163ab6419d259f477b5ab3c913dca6068dd1beaace2f4858d5416ac41bbe1888",
      "max_sequence_bytes": 1380,
      "max_prompt_bytes": 694,
      "max_target_bytes": 685,
      "over_1024": 4,
      "over_limit": 0
    },
    "korean_learner/val": {
      "rows": 4264,
      "blank_lines": 0,
      "tsv_sha256": "c5b62d189af42807a6dd0679f2a43b5d07dfaae282aeef812724f90a19fc1e1b",
      "max_sequence_bytes": 845,
      "max_prompt_bytes": 430,
      "max_target_bytes": 414,
      "over_1024": 0,
      "over_limit": 0,
      "evaluation_identity": {
        "dataset": "korean_learner",
        "split": "val",
        "sample_count": 4264,
        "source_hash": "46384ab2684f369e36aa0fc787b0447796d3760ff7ebfcca2d8e973e93222a08",
        "target_hash": "25cbe312b4d391f7a32b75100f6c8c2daa0eb6cd9de241775062eef69b17ea14",
        "m2_hash": "26aa7b334b71ae3d6e0b06acd45cc81cc219d75ad1ff2b573f496b30284b839c",
        "tsv_hash": "c5b62d189af42807a6dd0679f2a43b5d07dfaae282aeef812724f90a19fc1e1b",
        "reader": "utf8-universal-newlines-two-columns-blank-lines-skipped-v1"
      }
    },
    "korean_learner/test": {
      "rows": 4265,
      "blank_lines": 0,
      "tsv_sha256": "cb49c2806cedd8b71d1b5dbbc31ef5c74f0aca3a6ab6dc92a94c9e5ffe52044d",
      "max_sequence_bytes": 633,
      "max_prompt_bytes": 324,
      "max_target_bytes": 320,
      "over_1024": 0,
      "over_limit": 0,
      "evaluation_identity": {
        "dataset": "korean_learner",
        "split": "test",
        "sample_count": 4265,
        "source_hash": "4438468750166634cce0e4b03e72f7b82f45e352e7de230e9492c5a9cc4bb1c5",
        "target_hash": "93878d24629be44430507a067a2ab645e2bf4fc65dc0cd0ba1177c2ff9640933",
        "m2_hash": "4be33bbc4adf618da33074b9a97525c4d24c08162b9df44db60e69424f51ec01",
        "tsv_hash": "cb49c2806cedd8b71d1b5dbbc31ef5c74f0aca3a6ab6dc92a94c9e5ffe52044d",
        "reader": "utf8-universal-newlines-two-columns-blank-lines-skipped-v1"
      }
    },
    "union/train": {
      "rows": 108882,
      "blank_lines": 1,
      "tsv_sha256": "90a55cac5d37cd3557f6f958b973b6f6a037872c87edade462ac05324843a54a",
      "max_sequence_bytes": 1380,
      "max_prompt_bytes": 694,
      "max_target_bytes": 685,
      "over_1024": 5,
      "over_limit": 0
    },
    "union/val": {
      "rows": 23332,
      "blank_lines": 1,
      "tsv_sha256": "22b90eee85aa2edd5557cd3009893dd1b1dcff22584b7f96e713878fcbeb5f8b",
      "max_sequence_bytes": 931,
      "max_prompt_bytes": 470,
      "max_target_bytes": 460,
      "over_1024": 0,
      "over_limit": 0,
      "evaluation_identity": {
        "dataset": "union",
        "split": "val",
        "sample_count": 23332,
        "source_hash": "a0063540f10386703cf635a5c77922af237d45357202cc5da5420f2c4ebb5a7b",
        "target_hash": "864380fdab4b860b906a6836f9bb6a61230c40f071332fc1abcae2c4fb990d45",
        "m2_hash": "22e1cdeed3702fe905b429c872f188b19b70c52e949c3eed1a8b4df5a90def20",
        "tsv_hash": "22b90eee85aa2edd5557cd3009893dd1b1dcff22584b7f96e713878fcbeb5f8b",
        "reader": "utf8-universal-newlines-two-columns-blank-lines-skipped-v1"
      }
    },
    "union/test": {
      "rows": 23333,
      "blank_lines": 1,
      "tsv_sha256": "65b1bd0039ae58c136ee44ebbb6876ee69a5353bb8c00046ec235e7e79592f28",
      "max_sequence_bytes": 886,
      "max_prompt_bytes": 451,
      "max_target_bytes": 434,
      "over_1024": 0,
      "over_limit": 0,
      "evaluation_identity": {
        "dataset": "union",
        "split": "test",
        "sample_count": 23333,
        "source_hash": "eb476f3f20ea1abdd1fbb42e0ca006672a744e353bcd836d470569d7ea9e2ea7",
        "target_hash": "fb2c7f1b332c75a69a4677a09a3f48134469cf40d9cf7f7cb4906696dbd0a176",
        "m2_hash": "e79ae3c01c211bb58c2a0213f6b9e39bed8d9e4eb2011d7e7ae22a33c1042db7",
        "tsv_hash": "65b1bd0039ae58c136ee44ebbb6876ee69a5353bb8c00046ec235e7e79592f28",
        "reader": "utf8-universal-newlines-two-columns-blank-lines-skipped-v1"
      }
    }
  },
  "total": {
    "rows": 201534,
    "max_sequence_bytes": 1380,
    "max_prompt_bytes": 694,
    "max_target_bytes": 685,
    "over_1024": 9,
    "over_limit": 0
  }
}
M2 pass=0 pending=4265 timeout=30.0s workers=8
M2 progress completed=10/4265 timeouts=0 errors=0
M2 progress completed=20/4265 timeouts=0 errors=0
M2 progress completed=30/4265 timeouts=0 errors=0
M2 progress completed=40/4265 timeouts=0 errors=0
M2 progress completed=50/4265 timeouts=0 errors=0
M2 progress completed=60/4265 timeouts=0 errors=0
M2 progress completed=70/4265 timeouts=0 errors=0
M2 progress completed=80/4265 timeouts=0 errors=0
M2 progress completed=90/4265 timeouts=0 errors=0
M2 progress completed=100/4265 timeouts=0 errors=0
M2 progress completed=110/4265 timeouts=0 errors=0
M2 progress completed=120/4265 timeouts=0 errors=0
M2 progress completed=130/4265 timeouts=0 errors=0
M2 progress completed=140/4265 timeouts=0 errors=0
M2 progress completed=150/4265 timeouts=0 errors=0
M2 progress completed=160/4265 timeouts=0 errors=0
M2 progress completed=170/4265 timeouts=0 errors=0
M2 progress completed=180/4265 timeouts=0 errors=0
M2 progress completed=190/4265 timeouts=0 errors=0
M2 progress completed=200/4265 timeouts=0 errors=0
M2 progress completed=210/4265 timeouts=0 errors=0
M2 progress completed=220/4265 timeouts=0 errors=0
M2 progress completed=230/4265 timeouts=0 errors=0
M2 progress completed=240/4265 timeouts=0 errors=0
M2 progress completed=250/4265 timeouts=0 errors=0
M2 progress completed=260/4265 timeouts=0 errors=0
M2 progress completed=270/4265 timeouts=0 errors=0
M2 progress completed=280/4265 timeouts=0 errors=0
M2 progress completed=290/4265 timeouts=0 errors=0
M2 progress completed=300/4265 timeouts=0 errors=0
M2 progress completed=310/4265 timeouts=0 errors=0
M2 progress completed=320/4265 timeouts=0 errors=0
M2 progress completed=330/4265 timeouts=0 errors=0
M2 progress completed=340/4265 timeouts=0 errors=0
M2 progress completed=350/4265 timeouts=0 errors=0
M2 progress completed=360/4265 timeouts=0 errors=0
M2 progress completed=370/4265 timeouts=0 errors=0
M2 progress completed=380/4265 timeouts=0 errors=0
M2 progress completed=390/4265 timeouts=0 errors=0
M2 progress completed=400/4265 timeouts=0 errors=0
M2 progress completed=410/4265 timeouts=0 errors=0
M2 progress completed=420/4265 timeouts=0 errors=0
M2 progress completed=430/4265 timeouts=0 errors=0
M2 progress completed=440/4265 timeouts=0 errors=0
M2 progress completed=450/4265 timeouts=0 errors=0
M2 progress completed=460/4265 timeouts=0 errors=0
M2 progress completed=470/4265 timeouts=0 errors=0
M2 progress completed=480/4265 timeouts=0 errors=0
M2 progress completed=490/4265 timeouts=0 errors=0
M2 progress completed=500/4265 timeouts=0 errors=0
M2 progress completed=510/4265 timeouts=0 errors=0
M2 progress completed=520/4265 timeouts=0 errors=0
M2 progress completed=530/4265 timeouts=0 errors=0
M2 progress completed=540/4265 timeouts=0 errors=0
M2 progress completed=550/4265 timeouts=0 errors=0
M2 progress completed=560/4265 timeouts=0 errors=0
{
  "precision": null,
  "recall": null,
  "status": "partial",
  "completed": 560,
  "total": 4265,
  "unresolved": 3705,
  "elapsed_seconds": 4408.412148053758,
  "f0.5": null,
  "correct": 147.0,
  "proposed": 365.0,
  "gold": 1137.0,
  "coverage": 0.13130128956623682,
  "average_sentence_seconds": 0.007860430412360333,
  "slow_sentences": 43
}
End Time: 2026-09-23T17:16:41+09:00
Elapsed Seconds: 6347
Exit Code: 75
